 MoveMapGen

 Timestamp is 4d0f4f2d (Mon Dec 20 13:42:21 2010)

 Preferred load address is 00400000

 Start         Length     Name                   Class
 0001:00000000 0002ec9bH .text                   CODE
 0001:0002eca0 00001b45H .text$x                 CODE
 0001:000307f0 00000036H .text$yc                CODE
 0001:00030830 000000faH .text$yd                CODE
 0002:00000000 00000280H .idata$5                DATA
 0002:00000280 00000004H .CRT$XCA                DATA
 0002:00000284 00000004H .CRT$XCAA               DATA
 0002:00000288 00000008H .CRT$XCU                DATA
 0002:00000290 00000004H .CRT$XCZ                DATA
 0002:00000294 00000004H .CRT$XIA                DATA
 0002:00000298 00000004H .CRT$XIAA               DATA
 0002:0000029c 00000004H .CRT$XIC                DATA
 0002:000002a0 00000004H .CRT$XIY                DATA
 0002:000002a4 00000004H .CRT$XIZ                DATA
 0002:000002b0 00005b40H .rdata                  DATA
 0002:00005df0 00000066H .rdata$debug            DATA
 0002:00005e58 00000604H .rdata$r                DATA
 0002:00006460 00000184H .rdata$sxdata           DATA
 0002:000065e4 00000004H .rtc$IAA                DATA
 0002:000065e8 00000004H .rtc$IZZ                DATA
 0002:000065ec 00000004H .rtc$TAA                DATA
 0002:000065f0 00000004H .rtc$TZZ                DATA
 0002:000065f8 00001b90H .xdata$x                DATA
 0002:00008188 00000064H .idata$2                DATA
 0002:000081ec 00000014H .idata$3                DATA
 0002:00008200 00000280H .idata$4                DATA
 0002:00008480 00000e76H .idata$6                DATA
 0002:000092f6 00000000H .edata                  DATA
 0003:00000000 000005c0H .data                   DATA
 0003:000005c0 0000050cH .bss                    DATA

  Address         Publics by Value              Rva+Base       Lib:Object

 0000:00000000       __except_list              00000000     <absolute>
 0000:00000061       ___safe_se_handler_count   00000061     <absolute>
 0000:00009876       __ldused                   00009876     <absolute>
 0000:00009876       __fltused                  00009876     <absolute>
 0000:00000000       ___ImageBase               00400000     <linker-defined>
 0001:00000000       ??1bad_alloc@std@@UAE@XZ   00401000 f i BIH.obj
 0001:00000010       ??_Gbad_alloc@std@@UAEPAXI@Z 00401010 f i BIH.obj
 0001:00000010       ??_Ebad_alloc@std@@UAEPAXI@Z 00401010 f i  CIL library: CIL module
 0001:00000040       ??0Vector3@G3D@@QAE@MMM@Z  00401040 f i BIH.obj
 0001:00000060       ??4Vector3@G3D@@QAIAAV01@ABV01@@Z 00401060 f i BIH.obj
 0001:00000080       ??GVector3@G3D@@QBI?AV01@ABV01@@Z 00401080 f i BIH.obj
 0001:000000b0       ?readFromFile@BIH@@QAE_NPAU_iobuf@@@Z 004010b0 f   BIH.obj
 0001:000001a0       ?resize@?$vector@IV?$allocator@I@std@@@std@@QAEXI@Z 004011a0 f i BIH.obj
 0001:00000230       ?_Reserve@?$vector@IV?$allocator@I@std@@@std@@IAEXI@Z 00401230 f i BIH.obj
 0001:00000290       ?allocate@?$allocator@H@std@@QAEPAHI@Z 00401290 f i MapBuilder.obj
 0001:00000290       ?allocate@?$allocator@I@std@@QAEPAII@Z 00401290 f i BIH.obj
 0001:000002f0       ??0bad_alloc@std@@QAE@ABV01@@Z 004012f0 f i BIH.obj
 0001:00000310       _sqrtf                     00401310 f i MapTree.obj
 0001:00000330       ?magnitude@Vector3@G3D@@QBEMXZ 00401330 f i MapTree.obj
 0001:00000370       ?contains@AABox@G3D@@QBE_NABVVector3@2@@Z 00401370 f i MapTree.obj
 0001:000003d0       ??0ModelInstance@VMAP@@QAE@XZ 004013d0 f i MapTree.obj
 0001:00000410       ??1ModelSpawn@VMAP@@QAE@XZ 00401410 f i MapTree.obj
 0001:00000440       ?getTileFileName@StaticMapTree@VMAP@@SA?AV?$basic_string@DU?$char_traits@D@std@@V?$allocator@D@2@@std@@III@Z 00401440 f   MapTree.obj
 0001:000005b0       ??_D?$basic_stringstream@DU?$char_traits@D@std@@V?$allocator@D@2@@std@@QAEXXZ 004015b0 f i MapTree.obj
 0001:00000620       ??0StaticMapTree@VMAP@@QAE@IABV?$basic_string@DU?$char_traits@D@std@@V?$allocator@D@2@@std@@@Z 00401620 f   MapTree.obj
 0001:00000740       ??1BIH@@QAE@XZ             00401740 f i MapTree.obj
 0001:00000780       ??1?$unordered_map@I_NV?$hash@I@std@@U?$equal_to@I@2@V?$allocator@U?$pair@$$CBI_N@std@@@2@@tr1@std@@QAE@XZ 00401780 f i MapTree.obj
 0001:00000780       ??1?$unordered_map@IPAVStaticMapTree@VMAP@@V?$hash@I@std@@U?$equal_to@I@4@V?$allocator@U?$pair@$$CBIPAVStaticMapTree@VMAP@@@std@@@4@@tr1@std@@QAE@XZ 00401780 f i VMapManager2.obj
 0001:00000780       ??1?$unordered_map@IIV?$hash@I@std@@U?$equal_to@I@2@V?$allocator@U?$pair@$$CBII@std@@@2@@tr1@std@@QAE@XZ 00401780 f i MapTree.obj
 0001:000007d0       ??1StaticMapTree@VMAP@@QAE@XZ 004017d0 f   MapTree.obj
 0001:00000930       ??1ModelInstance@VMAP@@QAE@XZ 00401930 f i MapTree.obj
 0001:00000960       ?isInLineOfSight@StaticMapTree@VMAP@@QBE_NABVVector3@G3D@@0@Z 00401960 f   MapTree.obj
 0001:00000aa0       ?getObjectHitPos@StaticMapTree@VMAP@@QBE_NABVVector3@G3D@@0AAV34@M@Z 00401aa0 f   MapTree.obj
 0001:00000d80       ?getHeight@StaticMapTree@VMAP@@QBEMABVVector3@G3D@@M@Z 00401d80 f   MapTree.obj
 0001:00000e20       ?CanLoadMap@StaticMapTree@VMAP@@SA_NABV?$basic_string@DU?$char_traits@D@std@@V?$allocator@D@2@@std@@III@Z 00401e20 f   MapTree.obj
 0001:00001120       ?InitMap@StaticMapTree@VMAP@@QAE_NABV?$basic_string@DU?$char_traits@D@std@@V?$allocator@D@2@@std@@PAVVMapManager2@2@@Z 00402120 f   MapTree.obj
 0001:00001470       ??4ModelInstance@VMAP@@QAEAAV01@ABV01@@Z 00402470 f i MapTree.obj
 0001:000014c0       ??4ModelSpawn@VMAP@@QAEAAV01@ABV01@@Z 004024c0 f i MapTree.obj
 0001:00001540       ?UnloadMap@StaticMapTree@VMAP@@QAEXPAVVMapManager2@2@@Z 00402540 f   MapTree.obj
 0001:00001650       ?LoadMapTile@StaticMapTree@VMAP@@QAE_NIIPAVVMapManager2@2@@Z 00402650 f   MapTree.obj
 0001:00001a30       ?UnloadMapTile@StaticMapTree@VMAP@@QAEXIIPAVVMapManager2@2@@Z 00402a30 f   MapTree.obj
 0001:00001db0       ??1?$basic_string@DU?$char_traits@D@std@@V?$allocator@D@2@@std@@QAE@XZ 00402db0 f i MapTree.obj
 0001:00001de0       ?_Myptr@?$basic_string@DU?$char_traits@D@std@@V?$allocator@D@2@@std@@QBEPBDXZ 00402de0 f i MapTree.obj
 0001:00001de0       ?c_str@?$basic_string@DU?$char_traits@D@std@@V?$allocator@D@2@@std@@QBEPBDXZ 00402de0 f i MapTree.obj
 0001:00001df0       ??A?$unordered_map@I_NV?$hash@I@std@@U?$equal_to@I@2@V?$allocator@U?$pair@$$CBI_N@std@@@2@@tr1@std@@QAEAA_N$$QAI@Z 00402df0 f i MapTree.obj
 0001:00001e70       ?erase@?$_Hash@V?$_Umap_traits@I_NV?$_Hash_compare@IV?$hash@I@std@@U?$equal_to@I@2@@std@@V?$allocator@U?$pair@$$CBI_N@std@@@2@$0A@@tr1@std@@@std@@QAE?AV?$_List_iterator@V?$_List_val@U?$pair@$$CBI_N@std@@V?$allocator@U?$pair@$$CBI_N@std@@@2@@std@@@2@V?$_List_const_iterator@V?$_List_val@U?$pair@$$CBI_N@std@@V?$allocator@U?$pair@$$CBI_N@std@@@2@@std@@@2@@Z 00402e70 f i MapTree.obj
 0001:00001e70       ?erase@?$_Hash@V?$_Umap_traits@IIV?$_Hash_compare@IV?$hash@I@std@@U?$equal_to@I@2@@std@@V?$allocator@U?$pair@$$CBII@std@@@2@$0A@@tr1@std@@@std@@QAE?AV?$_List_iterator@V?$_List_val@U?$pair@$$CBII@std@@V?$allocator@U?$pair@$$CBII@std@@@2@@std@@@2@V?$_List_const_iterator@V?$_List_val@U?$pair@$$CBII@std@@V?$allocator@U?$pair@$$CBII@std@@@2@@std@@@2@@Z 00402e70 f i MapTree.obj
 0001:00001e70       ?erase@?$_Hash@V?$_Umap_traits@IPAVStaticMapTree@VMAP@@V?$_Hash_compare@IV?$hash@I@std@@U?$equal_to@I@2@@std@@V?$allocator@U?$pair@$$CBIPAVStaticMapTree@VMAP@@@std@@@4@$0A@@tr1@std@@@std@@QAE?AV?$_List_iterator@V?$_List_val@U?$pair@$$CBIPAVStaticMapTree@VMAP@@@std@@V?$allocator@U?$pair@$$CBIPAVStaticMapTree@VMAP@@@std@@@2@@std@@@2@V?$_List_const_iterator@V?$_List_val@U?$pair@$$CBIPAVStaticMapTree@VMAP@@@std@@V?$allocator@U?$pair@$$CBIPAVStaticMapTree@VMAP@@@std@@@2@@std@@@2@@Z 00402e70 f i VMapManager2.obj
 0001:00001f20       ??A?$unordered_map@IIV?$hash@I@std@@U?$equal_to@I@2@V?$allocator@U?$pair@$$CBII@std@@@2@@tr1@std@@QAEAAI$$QAI@Z 00402f20 f i MapTree.obj
 0001:00001f20       ??A?$unordered_map@IIV?$hash@I@std@@U?$equal_to@I@2@V?$allocator@U?$pair@$$CBII@std@@@2@@tr1@std@@QAEAAIABI@Z 00402f20 f i MapTree.obj
 0001:00001fb0       ?erase@?$_Hash@V?$_Umap_traits@IIV?$_Hash_compare@IV?$hash@I@std@@U?$equal_to@I@2@@std@@V?$allocator@U?$pair@$$CBII@std@@@2@$0A@@tr1@std@@@std@@QAEIABI@Z 00402fb0 f i MapTree.obj
 0001:00002020       ??0?$basic_stringstream@DU?$char_traits@D@std@@V?$allocator@D@2@@std@@QAE@H@Z 00403020 f i MapTree.obj
 0001:000020c0       ?str@?$basic_stringstream@DU?$char_traits@D@std@@V?$allocator@D@2@@std@@QBE?AV?$basic_string@DU?$char_traits@D@std@@V?$allocator@D@2@@2@XZ 004030c0 f i MapTree.obj
 0001:000020e0       ??1?$basic_stringbuf@DU?$char_traits@D@std@@V?$allocator@D@2@@std@@UAE@XZ 004030e0 f i MapTree.obj
 0001:00002150       ?overflow@?$basic_stringbuf@DU?$char_traits@D@std@@V?$allocator@D@2@@std@@MAEHH@Z 00403150 f i MapTree.obj
 0001:00002320       ?pbackfail@?$basic_stringbuf@DU?$char_traits@D@std@@V?$allocator@D@2@@std@@MAEHH@Z 00403320 f i MapTree.obj
 0001:00002370       ?underflow@?$basic_stringbuf@DU?$char_traits@D@std@@V?$allocator@D@2@@std@@MAEHXZ 00403370 f i MapTree.obj
 0001:000023e0       ?seekoff@?$basic_stringbuf@DU?$char_traits@D@std@@V?$allocator@D@2@@std@@MAE?AV?$fpos@H@2@_JHH@Z 004033e0 f i MapTree.obj
 0001:00002590       ?seekpos@?$basic_stringbuf@DU?$char_traits@D@std@@V?$allocator@D@2@@std@@MAE?AV?$fpos@H@2@V32@H@Z 00403590 f i MapTree.obj
 0001:000026c0       ??_E?$basic_stringstream@DU?$char_traits@D@std@@V?$allocator@D@2@@std@@UAEPAXI@Z 004036c0 f i  CIL library: CIL module
 0001:000026c0       ??_G?$basic_stringstream@DU?$char_traits@D@std@@V?$allocator@D@2@@std@@UAEPAXI@Z 004036c0 f i MapTree.obj
 0001:00002750       ??_G?$basic_stringbuf@DU?$char_traits@D@std@@V?$allocator@D@2@@std@@UAEPAXI@Z 00403750 f i MapTree.obj
 0001:00002750       ??_E?$basic_stringbuf@DU?$char_traits@D@std@@V?$allocator@D@2@@std@@UAEPAXI@Z 00403750 f i  CIL library: CIL module
 0001:00002780       ?assign@?$basic_string@DU?$char_traits@D@std@@V?$allocator@D@2@@std@@QAEAAV12@$$QAV12@@Z 00403780 f i MapTree.obj
 0001:00002800       ?append@?$basic_string@DU?$char_traits@D@std@@V?$allocator@D@2@@std@@QAEAAV12@PBDI@Z 00403800 f i MapTree.obj
 0001:00002920       ?assign@?$basic_string@DU?$char_traits@D@std@@V?$allocator@D@2@@std@@QAEAAV12@ABV12@II@Z 00403920 f i MapTree.obj
 0001:00002a10       ?allocate@?$allocator@D@std@@QAEPADI@Z 00403a10 f i MapTree.obj
 0001:00002a70       ??0?$_Hash@V?$_Umap_traits@I_NV?$_Hash_compare@IV?$hash@I@std@@U?$equal_to@I@2@@std@@V?$allocator@U?$pair@$$CBI_N@std@@@2@$0A@@tr1@std@@@std@@QAE@ABV?$_Hash_compare@IV?$hash@I@std@@U?$equal_to@I@2@@1@ABV?$allocator@U?$pair@$$CBI_N@std@@@1@@Z 00403a70 f i MapTree.obj
 0001:00002a70       ??0?$_Hash@V?$_Umap_traits@IIV?$_Hash_compare@IV?$hash@I@std@@U?$equal_to@I@2@@std@@V?$allocator@U?$pair@$$CBII@std@@@2@$0A@@tr1@std@@@std@@QAE@ABV?$_Hash_compare@IV?$hash@I@std@@U?$equal_to@I@2@@1@ABV?$allocator@U?$pair@$$CBII@std@@@1@@Z 00403a70 f i MapTree.obj
 0001:00002a70       ??0?$_Hash@V?$_Umap_traits@IPAVStaticMapTree@VMAP@@V?$_Hash_compare@IV?$hash@I@std@@U?$equal_to@I@2@@std@@V?$allocator@U?$pair@$$CBIPAVStaticMapTree@VMAP@@@std@@@4@$0A@@tr1@std@@@std@@QAE@ABV?$_Hash_compare@IV?$hash@I@std@@U?$equal_to@I@2@@1@ABV?$allocator@U?$pair@$$CBIPAVStaticMapTree@VMAP@@@std@@@1@@Z 00403a70 f i VMapManager2.obj
 0001:00002b60       ?lower_bound@?$_Hash@V?$_Umap_traits@IPAVStaticMapTree@VMAP@@V?$_Hash_compare@IV?$hash@I@std@@U?$equal_to@I@2@@std@@V?$allocator@U?$pair@$$CBIPAVStaticMapTree@VMAP@@@std@@@4@$0A@@tr1@std@@@std@@QAE?AV?$_List_iterator@V?$_List_val@U?$pair@$$CBIPAVStaticMapTree@VMAP@@@std@@V?$allocator@U?$pair@$$CBIPAVStaticMapTree@VMAP@@@std@@@2@@std@@@2@ABI@Z 00403b60 f i VMapManager2.obj
 0001:00002b60       ?lower_bound@?$_Hash@V?$_Umap_traits@IIV?$_Hash_compare@IV?$hash@I@std@@U?$equal_to@I@2@@std@@V?$allocator@U?$pair@$$CBII@std@@@2@$0A@@tr1@std@@@std@@QAE?AV?$_List_iterator@V?$_List_val@U?$pair@$$CBII@std@@V?$allocator@U?$pair@$$CBII@std@@@2@@std@@@2@ABI@Z 00403b60 f i MapTree.obj
 0001:00002b60       ?lower_bound@?$_Hash@V?$_Umap_traits@I_NV?$_Hash_compare@IV?$hash@I@std@@U?$equal_to@I@2@@std@@V?$allocator@U?$pair@$$CBI_N@std@@@2@$0A@@tr1@std@@@std@@QAE?AV?$_List_iterator@V?$_List_val@U?$pair@$$CBI_N@std@@V?$allocator@U?$pair@$$CBI_N@std@@@2@@std@@@2@ABI@Z 00403b60 f i MapTree.obj
 0001:00002b60       ?lower_bound@?$_Hash@V?$_Umap_traits@IPAVStaticMapTree@VMAP@@V?$_Hash_compare@IV?$hash@I@std@@U?$equal_to@I@2@@std@@V?$allocator@U?$pair@$$CBIPAVStaticMapTree@VMAP@@@std@@@4@$0A@@tr1@std@@@std@@QBE?AV?$_List_const_iterator@V?$_List_val@U?$pair@$$CBIPAVStaticMapTree@VMAP@@@std@@V?$allocator@U?$pair@$$CBIPAVStaticMapTree@VMAP@@@std@@@2@@std@@@2@ABI@Z 00403b60 f i VMapManager2.obj
 0001:00002c20       ?equal_range@?$_Hash@V?$_Umap_traits@IIV?$_Hash_compare@IV?$hash@I@std@@U?$equal_to@I@2@@std@@V?$allocator@U?$pair@$$CBII@std@@@2@$0A@@tr1@std@@@std@@QAE?AU?$pair@V?$_List_iterator@V?$_List_val@U?$pair@$$CBII@std@@V?$allocator@U?$pair@$$CBII@std@@@2@@std@@@std@@V12@@2@ABI@Z 00403c20 f i MapTree.obj
 0001:00002c20       ?equal_range@?$_Hash@V?$_Umap_traits@IPAVStaticMapTree@VMAP@@V?$_Hash_compare@IV?$hash@I@std@@U?$equal_to@I@2@@std@@V?$allocator@U?$pair@$$CBIPAVStaticMapTree@VMAP@@@std@@@4@$0A@@tr1@std@@@std@@QAE?AU?$pair@V?$_List_iterator@V?$_List_val@U?$pair@$$CBIPAVStaticMapTree@VMAP@@@std@@V?$allocator@U?$pair@$$CBIPAVStaticMapTree@VMAP@@@std@@@2@@std@@@std@@V12@@2@ABI@Z 00403c20 f i VMapManager2.obj
 0001:00002c20       ?equal_range@?$_Hash@V?$_Umap_traits@IIV?$_Hash_compare@IV?$hash@I@std@@U?$equal_to@I@2@@std@@V?$allocator@U?$pair@$$CBII@std@@@2@$0A@@tr1@std@@@std@@QBE?AU?$pair@V?$_List_const_iterator@V?$_List_val@U?$pair@$$CBII@std@@V?$allocator@U?$pair@$$CBII@std@@@2@@std@@@std@@V12@@2@ABI@Z 00403c20 f i MapTree.obj
 0001:00002cf0       ??1?$list@U?$pair@$$CBII@std@@V?$allocator@U?$pair@$$CBII@std@@@2@@std@@QAE@XZ 00403cf0 f i MapTree.obj
 0001:00002cf0       ??1?$list@U?$pair@$$CBIPAVStaticMapTree@VMAP@@@std@@V?$allocator@U?$pair@$$CBIPAVStaticMapTree@VMAP@@@std@@@2@@std@@QAE@XZ 00403cf0 f i VMapManager2.obj
 0001:00002cf0       ??1?$list@U?$pair@$$CBI_N@std@@V?$allocator@U?$pair@$$CBI_N@std@@@2@@std@@QAE@XZ 00403cf0 f i MapTree.obj
 0001:00002d30       ?str@?$basic_stringbuf@DU?$char_traits@D@std@@V?$allocator@D@2@@std@@QBE?AV?$basic_string@DU?$char_traits@D@std@@V?$allocator@D@2@@2@XZ 00403d30 f i MapTree.obj
 0001:00002e80       ??1sentry@?$basic_ostream@DU?$char_traits@D@std@@@std@@QAE@XZ 00403e80 f i MapTree.obj
 0001:00002f00       ?append@?$basic_string@DU?$char_traits@D@std@@V?$allocator@D@2@@std@@QAEAAV12@ABV12@II@Z 00403f00 f i MapTree.obj
 0001:00002ff0       ?assign@?$basic_string@DU?$char_traits@D@std@@V?$allocator@D@2@@std@@QAEAAV12@PBDI@Z 00403ff0 f i MapTree.obj
 0001:000030f0       ?erase@?$basic_string@DU?$char_traits@D@std@@V?$allocator@D@2@@std@@QAEAAV12@II@Z 004040f0 f i MapTree.obj
 0001:00003180       ?_Grow@?$basic_string@DU?$char_traits@D@std@@V?$allocator@D@2@@std@@QAE_NI_N@Z 00404180 f i MapTree.obj
 0001:00003230       ??1_Sentry_base@?$basic_ostream@DU?$char_traits@D@std@@@std@@QAE@XZ 00404230 f i MapTree.obj
 0001:00003250       ?_Copy@?$basic_string@DU?$char_traits@D@std@@V?$allocator@D@2@@std@@QAEXII@Z 00404250 f i MapTree.obj
 0001:000033c0       ??$?6DU?$char_traits@D@std@@_J@std@@YAAAV?$basic_ostream@DU?$char_traits@D@std@@@0@AAV10@ABU?$_Smanip@_J@0@@Z 004043c0 f i MapTree.obj
 0001:000033f0       ??$?6U?$char_traits@D@std@@@std@@YAAAV?$basic_ostream@DU?$char_traits@D@std@@@0@AAV10@PBD@Z 004043f0 f i MapTree.obj
 0001:00003640       ??$intersectPoint@VAreaInfoCallback@VMAP@@@BIH@@QBEXABVVector3@G3D@@AAVAreaInfoCallback@VMAP@@@Z 00404640 f i MapTree.obj
 0001:00003850       ??$intersectPoint@VLocationInfoCallback@VMAP@@@BIH@@QBEXABVVector3@G3D@@AAVLocationInfoCallback@VMAP@@@Z 00404850 f i MapTree.obj
 0001:00003a60       ??$intersectRay@VMapRayCallback@VMAP@@@BIH@@QBEXABVRay@G3D@@AAVMapRayCallback@VMAP@@AAM_N@Z 00404a60 f i MapTree.obj
 0001:000040b0       ??$?HDU?$char_traits@D@std@@V?$allocator@D@1@@std@@YA?AV?$basic_string@DU?$char_traits@D@std@@V?$allocator@D@2@@0@ABV10@$$QAV10@@Z 004050b0 f i MapTree.obj
 0001:00004100       ??$?HDU?$char_traits@D@std@@V?$allocator@D@1@@std@@YA?AV?$basic_string@DU?$char_traits@D@std@@V?$allocator@D@2@@0@ABV10@0@Z 00405100 f i MapTree.obj
 0001:000041c0       ?_Insert@?$_Hash@V?$_Umap_traits@I_NV?$_Hash_compare@IV?$hash@I@std@@U?$equal_to@I@2@@std@@V?$allocator@U?$pair@$$CBI_N@std@@@2@$0A@@tr1@std@@@std@@IAE?AU?$pair@V?$_List_iterator@V?$_List_val@U?$pair@$$CBI_N@std@@V?$allocator@U?$pair@$$CBI_N@std@@@2@@std@@@std@@_N@2@ABU?$pair@$$CBI_N@2@V?$_List_iterator@V?$_List_val@U?$pair@$$CBI_N@std@@V?$allocator@U?$pair@$$CBI_N@std@@@2@@std@@@2@@Z 004051c0 f i MapTree.obj
 0001:000041c0       ?_Insert@?$_Hash@V?$_Umap_traits@IIV?$_Hash_compare@IV?$hash@I@std@@U?$equal_to@I@2@@std@@V?$allocator@U?$pair@$$CBII@std@@@2@$0A@@tr1@std@@@std@@IAE?AU?$pair@V?$_List_iterator@V?$_List_val@U?$pair@$$CBII@std@@V?$allocator@U?$pair@$$CBII@std@@@2@@std@@@std@@_N@2@ABU?$pair@$$CBII@2@V?$_List_iterator@V?$_List_val@U?$pair@$$CBII@std@@V?$allocator@U?$pair@$$CBII@std@@@2@@std@@@2@@Z 004051c0 f i MapTree.obj
 0001:000042e0       ?insert@?$basic_string@DU?$char_traits@D@std@@V?$allocator@D@2@@std@@QAEAAV12@IABV12@II@Z 004052e0 f i MapTree.obj
 0001:00004460       ?_Check_size@?$_Hash@V?$_Umap_traits@IIV?$_Hash_compare@IV?$hash@I@std@@U?$equal_to@I@2@@std@@V?$allocator@U?$pair@$$CBII@std@@@2@$0A@@tr1@std@@@std@@IAEXXZ 00405460 f i MapTree.obj
 0001:00004460       ?_Check_size@?$_Hash@V?$_Umap_traits@I_NV?$_Hash_compare@IV?$hash@I@std@@U?$equal_to@I@2@@std@@V?$allocator@U?$pair@$$CBI_N@std@@@2@$0A@@tr1@std@@@std@@IAEXXZ 00405460 f i MapTree.obj
 0001:00004530       ??$_Uninit_move@PAV?$_List_iterator@V?$_List_val@U?$pair@$$CBIPAVStaticMapTree@VMAP@@@std@@V?$allocator@U?$pair@$$CBIPAVStaticMapTree@VMAP@@@std@@@2@@std@@@std@@PAV12@V?$allocator@V?$_List_iterator@V?$_List_val@U?$pair@$$CBIPAVStaticMapTree@VMAP@@@std@@V?$allocator@U?$pair@$$CBIPAVStaticMapTree@VMAP@@@std@@@2@@std@@@std@@@2@V12@@std@@YAPAV?$_List_iterator@V?$_List_val@U?$pair@$$CBIPAVStaticMapTree@VMAP@@@std@@V?$allocator@U?$pair@$$CBIPAVStaticMapTree@VMAP@@@std@@@2@@std@@@0@PAV10@00AAV?$allocator@V?$_List_iterator@V?$_List_val@U?$pair@$$CBIPAVStaticMapTree@VMAP@@@std@@V?$allocator@U?$pair@$$CBIPAVStaticMapTree@VMAP@@@std@@@2@@std@@@std@@@0@0U_Nonscalar_ptr_iterator_tag@0@@Z 00405530 f i VMapManager2.obj
 0001:00004530       ??$_Uninit_move@PAV?$_List_iterator@V?$_List_val@U?$pair@$$CBI_N@std@@V?$allocator@U?$pair@$$CBI_N@std@@@2@@std@@@std@@PAV12@V?$allocator@V?$_List_iterator@V?$_List_val@U?$pair@$$CBI_N@std@@V?$allocator@U?$pair@$$CBI_N@std@@@2@@std@@@std@@@2@V12@@std@@YAPAV?$_List_iterator@V?$_List_val@U?$pair@$$CBI_N@std@@V?$allocator@U?$pair@$$CBI_N@std@@@2@@std@@@0@PAV10@00AAV?$allocator@V?$_List_iterator@V?$_List_val@U?$pair@$$CBI_N@std@@V?$allocator@U?$pair@$$CBI_N@std@@@2@@std@@@std@@@0@0U_Nonscalar_ptr_iterator_tag@0@@Z 00405530 f i MapTree.obj
 0001:00004530       ??$_Uninit_move@PAV?$_List_iterator@V?$_List_val@U?$pair@$$CBV?$basic_string@DU?$char_traits@D@std@@V?$allocator@D@2@@std@@VManagedModel@VMAP@@@std@@V?$allocator@U?$pair@$$CBV?$basic_string@DU?$char_traits@D@std@@V?$allocator@D@2@@std@@VManagedModel@VMAP@@@std@@@2@@std@@@std@@PAV12@V?$allocator@V?$_List_iterator@V?$_List_val@U?$pair@$$CBV?$basic_string@DU?$char_traits@D@std@@V?$allocator@D@2@@std@@VManagedModel@VMAP@@@std@@V?$allocator@U?$pair@$$CBV?$basic_string@DU?$char_traits@D@std@@V?$allocator@D@2@@std@@VManagedModel@VMAP@@@std@@@2@@std@@@std@@@2@V12@@std@@YAPAV?$_List_iterator@V?$_List_val@U?$pair@$$CBV?$basic_string@DU?$char_traits@D@std@@V?$allocator@D@2@@std@@VManagedModel@VMAP@@@std@@V?$allocator@U?$pair@$$CBV?$basic_string@DU?$char_traits@D@std@@V?$allocator@D@2@@std@@VManagedModel@VMAP@@@std@@@2@@std@@@0@PAV10@00AAV?$allocator@V?$_List_iterator@V?$_List_val@U?$pair@$$CBV?$basic_string@DU?$char_traits@D@std@@V?$allocator@D@2@@std@@VManagedModel@VMAP@@@std@@V?$allocator@U?$pair@$$CBV?$basic_string@DU?$char_traits@D@std@@V?$allocator@D@2@@std@@VManagedModel@VMAP@@@std@@@2@@std@@@std@@@0@0U_Nonscalar_ptr_iterator_tag@0@@Z 00405530 f i VMapManager2.obj
 0001:00004530       ??$_Uninit_move@PAV?$_List_iterator@V?$_List_val@U?$pair@$$CBII@std@@V?$allocator@U?$pair@$$CBII@std@@@2@@std@@@std@@PAV12@V?$allocator@V?$_List_iterator@V?$_List_val@U?$pair@$$CBII@std@@V?$allocator@U?$pair@$$CBII@std@@@2@@std@@@std@@@2@V12@@std@@YAPAV?$_List_iterator@V?$_List_val@U?$pair@$$CBII@std@@V?$allocator@U?$pair@$$CBII@std@@@2@@std@@@0@PAV10@00AAV?$allocator@V?$_List_iterator@V?$_List_val@U?$pair@$$CBII@std@@V?$allocator@U?$pair@$$CBII@std@@@2@@std@@@std@@@0@0U_Nonscalar_ptr_iterator_tag@0@@Z 00405530 f i MapTree.obj
 0001:00004550       ??$_Buynode@U?$pair@I_N@std@@@?$_List_val@U?$pair@$$CBI_N@std@@V?$allocator@U?$pair@$$CBI_N@std@@@2@@std@@QAEPAU_Node@?$_List_nod@U?$pair@$$CBI_N@std@@V?$allocator@U?$pair@$$CBI_N@std@@@2@@1@PAU231@0$$QAU?$pair@I_N@1@@Z 00405550 f i MapTree.obj
 0001:000045c0       ??$_Buynode@U?$pair@$$CBII@std@@@?$_List_val@U?$pair@$$CBII@std@@V?$allocator@U?$pair@$$CBII@std@@@2@@std@@QAEPAU_Node@?$_List_nod@U?$pair@$$CBII@std@@V?$allocator@U?$pair@$$CBII@std@@@2@@1@PAU231@0$$QAU?$pair@$$CBII@1@@Z 004055c0 f i MapTree.obj
 0001:000045c0       ?_Buynode@?$_List_val@U?$pair@$$CBIPAVStaticMapTree@VMAP@@@std@@V?$allocator@U?$pair@$$CBIPAVStaticMapTree@VMAP@@@std@@@2@@std@@QAEPAU_Node@?$_List_nod@U?$pair@$$CBIPAVStaticMapTree@VMAP@@@std@@V?$allocator@U?$pair@$$CBIPAVStaticMapTree@VMAP@@@std@@@2@@2@PAU342@0ABU?$pair@$$CBIPAVStaticMapTree@VMAP@@@2@@Z 004055c0 f i VMapExtensions.obj
 0001:000045c0       ??$_Buynode@U?$pair@$$CBIPAVStaticMapTree@VMAP@@@std@@@?$_List_val@U?$pair@$$CBIPAVStaticMapTree@VMAP@@@std@@V?$allocator@U?$pair@$$CBIPAVStaticMapTree@VMAP@@@std@@@2@@std@@QAEPAU_Node@?$_List_nod@U?$pair@$$CBIPAVStaticMapTree@VMAP@@@std@@V?$allocator@U?$pair@$$CBIPAVStaticMapTree@VMAP@@@std@@@2@@1@PAU231@0$$QAU?$pair@$$CBIPAVStaticMapTree@VMAP@@@1@@Z 004055c0 f i VMapManager2.obj
 0001:000045c0       ??$_Buynode@U?$pair@II@std@@@?$_List_val@U?$pair@$$CBII@std@@V?$allocator@U?$pair@$$CBII@std@@@2@@std@@QAEPAU_Node@?$_List_nod@U?$pair@$$CBII@std@@V?$allocator@U?$pair@$$CBII@std@@@2@@1@PAU231@0$$QAU?$pair@II@1@@Z 004055c0 f i MapTree.obj
 0001:00004630       ??DMatrix3@G3D@@QBE?AVVector3@1@ABV21@@Z 00405630 f i ModelInstance.obj
 0001:00004690       ??DG3D@@YA?AVVector3@0@ABV10@ABVMatrix3@0@@Z 00405690 f i ModelInstance.obj
 0001:000046f0       ??0ModelInstance@VMAP@@QAE@ABVModelSpawn@1@PAVWorldModel@1@@Z 004056f0 f   ModelInstance.obj
 0001:000047e0       ??0ModelSpawn@VMAP@@QAE@ABV01@@Z 004057e0 f i ModelInstance.obj
 0001:00004870       ?intersectRay@ModelInstance@VMAP@@QBE_NABVRay@G3D@@AAM_N@Z 00405870 f   ModelInstance.obj
 0001:000049a0       ?intersectPoint@ModelInstance@VMAP@@QBEXABVVector3@G3D@@AAUAreaInfo@2@@Z 004059a0 f   ModelInstance.obj
 0001:00004b00       ?GetLocationInfo@ModelInstance@VMAP@@QBE_NABVVector3@G3D@@AAULocationInfo@2@@Z 00405b00 f   ModelInstance.obj
 0001:00004c50       ?GetLiquidLevel@ModelInstance@VMAP@@QBE_NABVVector3@G3D@@AAULocationInfo@2@AAM@Z 00405c50 f   ModelInstance.obj
 0001:00004d30       ?readFromFile@ModelSpawn@VMAP@@SA_NPAU_iobuf@@AAV12@@Z 00405d30 f   ModelInstance.obj
 0001:00004fb0       ?compare@?$char_traits@D@std@@SAHPBD0I@Z 00405fb0 f i TileAssembler.obj
 0001:00005030       ??1GroupModel@VMAP@@QAE@XZ 00406030 f i TileAssembler.obj
 0001:000050c0       ?readChunk@VMAP@@YA_NPAU_iobuf@@PADPBDI@Z 004060c0 f   TileAssembler.obj
 0001:00005140       ??1WorldModel@VMAP@@QAE@XZ 00406140 f i TileAssembler.obj
 0001:000051b0       ??1?$vector@VGroupModel@VMAP@@V?$allocator@VGroupModel@VMAP@@@std@@@std@@QAE@XZ 004061b0 f i TileAssembler.obj
 0001:000051f0       ??1?$ReferenceCountedPointer@VMemoryManager@G3D@@@G3D@@QAE@XZ 004061f0 f i TileAssembler.obj
 0001:00005230       ?_Reserve@?$vector@VVector3@G3D@@V?$allocator@VVector3@G3D@@@std@@@std@@IAEXI@Z 00406230 f i TileAssembler.obj
 0001:00005230       ?_Reserve@?$vector@VMeshTriangle@VMAP@@V?$allocator@VMeshTriangle@VMAP@@@std@@@std@@IAEXI@Z 00406230 f i TileAssembler.obj
 0001:000052a0       ??1?$vector@HV?$allocator@H@std@@@std@@QAE@XZ 004062a0 f i MapBuilder.obj
 0001:000052a0       ??1?$vector@V?$_List_iterator@V?$_List_val@U?$pair@$$CBIPAVStaticMapTree@VMAP@@@std@@V?$allocator@U?$pair@$$CBIPAVStaticMapTree@VMAP@@@std@@@2@@std@@@std@@V?$allocator@V?$_List_iterator@V?$_List_val@U?$pair@$$CBIPAVStaticMapTree@VMAP@@@std@@V?$allocator@U?$pair@$$CBIPAVStaticMapTree@VMAP@@@std@@@2@@std@@@std@@@2@@std@@QAE@XZ 004062a0 f i VMapManager2.obj
 0001:000052a0       ??1?$vector@V?$_List_iterator@V?$_List_val@U?$pair@$$CBI_N@std@@V?$allocator@U?$pair@$$CBI_N@std@@@2@@std@@@std@@V?$allocator@V?$_List_iterator@V?$_List_val@U?$pair@$$CBI_N@std@@V?$allocator@U?$pair@$$CBI_N@std@@@2@@std@@@std@@@2@@std@@QAE@XZ 004062a0 f i MapTree.obj
 0001:000052a0       ?_Tidy@?$vector@VMeshTriangle@VMAP@@V?$allocator@VMeshTriangle@VMAP@@@std@@@std@@IAEXXZ 004062a0 f i TileAssembler.obj
 0001:000052a0       ?_Tidy@?$vector@IV?$allocator@I@std@@@std@@IAEXXZ 004062a0 f i MapTree.obj
 0001:000052a0       ?_Tidy@?$vector@VVector3@G3D@@V?$allocator@VVector3@G3D@@@std@@@std@@IAEXXZ 004062a0 f i TileAssembler.obj
 0001:000052a0       ??1?$vector@V?$_List_iterator@V?$_List_val@U?$pair@$$CBII@std@@V?$allocator@U?$pair@$$CBII@std@@@2@@std@@@std@@V?$allocator@V?$_List_iterator@V?$_List_val@U?$pair@$$CBII@std@@V?$allocator@U?$pair@$$CBII@std@@@2@@std@@@std@@@2@@std@@QAE@XZ 004062a0 f i MapTree.obj
 0001:000052a0       ??1?$vector@IV?$allocator@I@std@@@std@@QAE@XZ 004062a0 f i MapTree.obj
 0001:000052a0       ??1?$vector@V?$_List_iterator@V?$_List_val@U?$pair@$$CBV?$basic_string@DU?$char_traits@D@std@@V?$allocator@D@2@@std@@VManagedModel@VMAP@@@std@@V?$allocator@U?$pair@$$CBV?$basic_string@DU?$char_traits@D@std@@V?$allocator@D@2@@std@@VManagedModel@VMAP@@@std@@@2@@std@@@std@@V?$allocator@V?$_List_iterator@V?$_List_val@U?$pair@$$CBV?$basic_string@DU?$char_traits@D@std@@V?$allocator@D@2@@std@@VManagedModel@VMAP@@@std@@V?$allocator@U?$pair@$$CBV?$basic_string@DU?$char_traits@D@std@@V?$allocator@D@2@@std@@VManagedModel@VMAP@@@std@@@2@@std@@@std@@@2@@std@@QAE@XZ 004062a0 f i VMapManager2.obj
 0001:000052a0       ??1?$vector@VMeshTriangle@VMAP@@V?$allocator@VMeshTriangle@VMAP@@@std@@@std@@QAE@XZ 004062a0 f i TileAssembler.obj
 0001:000052a0       ??1?$vector@VVector3@G3D@@V?$allocator@VVector3@G3D@@@std@@@std@@QAE@XZ 004062a0 f i TileAssembler.obj
 0001:000052d0       ?_Reserve@?$vector@VGroupModel@VMAP@@V?$allocator@VGroupModel@VMAP@@@std@@@std@@IAEXI@Z 004062d0 f i TileAssembler.obj
 0001:00005350       ?reserve@?$vector@VVector3@G3D@@V?$allocator@VVector3@G3D@@@std@@@std@@QAEXI@Z 00406350 f i TileAssembler.obj
 0001:00005350       ?reserve@?$vector@VMeshTriangle@VMAP@@V?$allocator@VMeshTriangle@VMAP@@@std@@@std@@QAEXI@Z 00406350 f i TileAssembler.obj
 0001:00005440       ?reserve@?$vector@VGroupModel@VMAP@@V?$allocator@VGroupModel@VMAP@@@std@@@std@@QAEXI@Z 00406440 f i TileAssembler.obj
 0001:00005550       ?allocate@?$allocator@VVector3@G3D@@@std@@QAEPAVVector3@G3D@@I@Z 00406550 f i TileAssembler.obj
 0001:00005550       ?allocate@?$allocator@VMeshTriangle@VMAP@@@std@@QAEPAVMeshTriangle@VMAP@@I@Z 00406550 f i TileAssembler.obj
 0001:000055b0       ?allocate@?$allocator@VGroupModel@VMAP@@@std@@QAEPAVGroupModel@VMAP@@I@Z 004065b0 f i TileAssembler.obj
 0001:00005610       ??$?6DU?$char_traits@D@std@@V?$allocator@D@1@@std@@YAAAV?$basic_ostream@DU?$char_traits@D@std@@@0@AAV10@ABV?$basic_string@DU?$char_traits@D@std@@V?$allocator@D@2@@0@@Z 00406610 f i TileAssembler.obj
 0001:00005840       ??$?HDU?$char_traits@D@std@@V?$allocator@D@1@@std@@YA?AV?$basic_string@DU?$char_traits@D@std@@V?$allocator@D@2@@0@ABV10@PBD@Z 00406840 f i TileAssembler.obj
 0001:00005920       ??$?HDU?$char_traits@D@std@@V?$allocator@D@1@@std@@YA?AV?$basic_string@DU?$char_traits@D@std@@V?$allocator@D@2@@0@$$QAV10@ABV10@@Z 00406920 f i TileAssembler.obj
 0001:00005960       ??$?HDU?$char_traits@D@std@@V?$allocator@D@1@@std@@YA?AV?$basic_string@DU?$char_traits@D@std@@V?$allocator@D@2@@0@$$QAV10@PBD@Z 00406960 f i TileAssembler.obj
 0001:000059b0       ??4?$vector@IV?$allocator@I@std@@@std@@QAEAAV01@ABV01@@Z 004069b0 f i TileAssembler.obj
 0001:00005ae0       ?_Buy@?$vector@IV?$allocator@I@std@@@std@@IAE_NI@Z 00406ae0 f i TileAssembler.obj
 0001:00005b20       ??$_Ucopy@PAI@?$vector@IV?$allocator@I@std@@@std@@IAEPAIPAI00@Z 00406b20 f i TileAssembler.obj
 0001:00005b50       ??0?$basic_string@DU?$char_traits@D@std@@V?$allocator@D@2@@std@@QAE@PBD@Z 00406b50 f i VMapFactory.obj
 0001:00005b90       ?substr@?$basic_string@DU?$char_traits@D@std@@V?$allocator@D@2@@std@@QBE?AV12@II@Z 00406b90 f i VMapFactory.obj
 0001:00005bd0       ??1IVMapManager@VMAP@@UAE@XZ 00406bd0 f i VMapManager2.obj
 0001:00005be0       ??_EIVMapManager@VMAP@@UAEPAXI@Z 00406be0 f i  CIL library: CIL module
 0001:00005be0       ??_GIVMapManager@VMAP@@UAEPAXI@Z 00406be0 f i VMapManager2.obj
 0001:00005c10       ??R?$hash@V?$basic_string@DU?$char_traits@D@std@@V?$allocator@D@2@@std@@@std@@QBEIABV?$basic_string@DU?$char_traits@D@std@@V?$allocator@D@2@@1@@Z 00406c10 f i VMapManager2.obj
 0001:00005c60       ?processCommand@VMapManager2@VMAP@@UAE_NPAD@Z 00406c60 f i VMapManager2.obj
 0001:00005c70       ?getDirFileName@VMapManager2@VMAP@@UBE?AV?$basic_string@DU?$char_traits@D@std@@V?$allocator@D@2@@std@@IHH@Z 00406c70 f i VMapManager2.obj
 0001:00005ca0       ??_EVMapManager2@VMAP@@UAEPAXI@Z 00406ca0 f i  CIL library: CIL module
 0001:00005ca0       ??_GVMapManager2@VMAP@@UAEPAXI@Z 00406ca0 f i VMapManager2.obj
 0001:00005cd0       ??1?$unordered_map@V?$basic_string@DU?$char_traits@D@std@@V?$allocator@D@2@@std@@VManagedModel@VMAP@@V?$hash@V?$basic_string@DU?$char_traits@D@std@@V?$allocator@D@2@@std@@@2@U?$equal_to@V?$basic_string@DU?$char_traits@D@std@@V?$allocator@D@2@@std@@@2@V?$allocator@U?$pair@$$CBV?$basic_string@DU?$char_traits@D@std@@V?$allocator@D@2@@std@@VManagedModel@VMAP@@@std@@@2@@tr1@std@@QAE@XZ 00406cd0 f i VMapManager2.obj
 0001:00005d10       ??1VMapManager2@VMAP@@UAE@XZ 00406d10 f   VMapManager2.obj
 0001:00005ec0       ?getMapFileName@VMapManager2@VMAP@@SA?AV?$basic_string@DU?$char_traits@D@std@@V?$allocator@D@2@@std@@I@Z 00406ec0 f   VMapManager2.obj
 0001:00006000       ?loadMap@VMapManager2@VMAP@@UAE?AW4VMAPLoadResult@2@PBDIHH@Z 00407000 f   VMapManager2.obj
 0001:000060c0       ?_loadMap@VMapManager2@VMAP@@IAE_NIABV?$basic_string@DU?$char_traits@D@std@@V?$allocator@D@2@@std@@II@Z 004070c0 f   VMapManager2.obj
 0001:00006260       ?unloadMap@VMapManager2@VMAP@@UAEXI@Z 00407260 f   VMapManager2.obj
 0001:000062c0       ?unloadMap@VMapManager2@VMAP@@UAEXIHH@Z 004072c0 f   VMapManager2.obj
 0001:00006330       ?isInLineOfSight@VMapManager2@VMAP@@UAE_NIMMMMMM@Z 00407330 f   VMapManager2.obj
 0001:000063f0       ?getObjectHitPos@VMapManager2@VMAP@@UAE_NIMMMMMMAAM00M@Z 004073f0 f   VMapManager2.obj
 0001:000064e0       ?getHeight@VMapManager2@VMAP@@UAEMIMMMM@Z 004074e0 f   VMapManager2.obj
 0001:00006570       ?getAreaInfo@VMapManager2@VMAP@@UBE_NIMMAAMAAIAAH22@Z 00407570 f   VMapManager2.obj
 0001:00006640       ?GetLiquidLevel@VMapManager2@VMAP@@UBE_NIMMMEAAM0AAI@Z 00407640 f   VMapManager2.obj
 0001:00006720       ?acquireModelInstance@VMapManager2@VMAP@@QAEPAVWorldModel@2@ABV?$basic_string@DU?$char_traits@D@std@@V?$allocator@D@2@@std@@0@Z 00407720 f   VMapManager2.obj
 0001:00006900       ??1?$pair@V?$basic_string@DU?$char_traits@D@std@@V?$allocator@D@2@@std@@VManagedModel@VMAP@@@std@@QAE@XZ 00407900 f i VMapManager2.obj
 0001:00006930       ?releaseModelInstance@VMapManager2@VMAP@@QAEXABV?$basic_string@DU?$char_traits@D@std@@V?$allocator@D@2@@std@@@Z 00407930 f   VMapManager2.obj
 0001:000069c0       ?existsMap@VMapManager2@VMAP@@UAE_NPBDIHH@Z 004079c0 f   VMapManager2.obj
 0001:00006a70       ?erase@?$_Hash@V?$_Umap_traits@V?$basic_string@DU?$char_traits@D@std@@V?$allocator@D@2@@std@@VManagedModel@VMAP@@V?$_Hash_compare@V?$basic_string@DU?$char_traits@D@std@@V?$allocator@D@2@@std@@V?$hash@V?$basic_string@DU?$char_traits@D@std@@V?$allocator@D@2@@std@@@2@U?$equal_to@V?$basic_string@DU?$char_traits@D@std@@V?$allocator@D@2@@std@@@2@@2@V?$allocator@U?$pair@$$CBV?$basic_string@DU?$char_traits@D@std@@V?$allocator@D@2@@std@@VManagedModel@VMAP@@@std@@@2@$0A@@tr1@std@@@std@@QAE?AV?$_List_iterator@V?$_List_val@U?$pair@$$CBV?$basic_string@DU?$char_traits@D@std@@V?$allocator@D@2@@std@@VManagedModel@VMAP@@@std@@V?$allocator@U?$pair@$$CBV?$basic_string@DU?$char_traits@D@std@@V?$allocator@D@2@@std@@VManagedModel@VMAP@@@std@@@2@@std@@@2@V?$_List_const_iterator@V?$_List_val@U?$pair@$$CBV?$basic_string@DU?$char_traits@D@std@@V?$allocator@D@2@@std@@VManagedModel@VMAP@@@std@@V?$allocator@U?$pair@$$CBV?$basic_string@DU?$char_traits@D@std@@V?$allocator@D@2@@std@@VManagedModel@VMAP@@@std@@@2@@std@@@2@@Z 00407a70 f i VMapManager2.obj
 0001:00006b20       ?erase@?$_Hash@V?$_Umap_traits@IPAVStaticMapTree@VMAP@@V?$_Hash_compare@IV?$hash@I@std@@U?$equal_to@I@2@@std@@V?$allocator@U?$pair@$$CBIPAVStaticMapTree@VMAP@@@std@@@4@$0A@@tr1@std@@@std@@QAEIABI@Z 00407b20 f i VMapManager2.obj
 0001:00006b90       ??0?$_Hash@V?$_Umap_traits@V?$basic_string@DU?$char_traits@D@std@@V?$allocator@D@2@@std@@VManagedModel@VMAP@@V?$_Hash_compare@V?$basic_string@DU?$char_traits@D@std@@V?$allocator@D@2@@std@@V?$hash@V?$basic_string@DU?$char_traits@D@std@@V?$allocator@D@2@@std@@@2@U?$equal_to@V?$basic_string@DU?$char_traits@D@std@@V?$allocator@D@2@@std@@@2@@2@V?$allocator@U?$pair@$$CBV?$basic_string@DU?$char_traits@D@std@@V?$allocator@D@2@@std@@VManagedModel@VMAP@@@std@@@2@$0A@@tr1@std@@@std@@QAE@ABV?$_Hash_compare@V?$basic_string@DU?$char_traits@D@std@@V?$allocator@D@2@@std@@V?$hash@V?$basic_string@DU?$char_traits@D@std@@V?$allocator@D@2@@std@@@2@U?$equal_to@V?$basic_string@DU?$char_traits@D@std@@V?$allocator@D@2@@std@@@2@@1@ABV?$allocator@U?$pair@$$CBV?$basic_string@DU?$char_traits@D@std@@V?$allocator@D@2@@std@@VManagedModel@VMAP@@@std@@@1@@Z 00407b90 f i VMapManager2.obj
 0001:00006c80       ?lower_bound@?$_Hash@V?$_Umap_traits@V?$basic_string@DU?$char_traits@D@std@@V?$allocator@D@2@@std@@VManagedModel@VMAP@@V?$_Hash_compare@V?$basic_string@DU?$char_traits@D@std@@V?$allocator@D@2@@std@@V?$hash@V?$basic_string@DU?$char_traits@D@std@@V?$allocator@D@2@@std@@@2@U?$equal_to@V?$basic_string@DU?$char_traits@D@std@@V?$allocator@D@2@@std@@@2@@2@V?$allocator@U?$pair@$$CBV?$basic_string@DU?$char_traits@D@std@@V?$allocator@D@2@@std@@VManagedModel@VMAP@@@std@@@2@$0A@@tr1@std@@@std@@QAE?AV?$_List_iterator@V?$_List_val@U?$pair@$$CBV?$basic_string@DU?$char_traits@D@std@@V?$allocator@D@2@@std@@VManagedModel@VMAP@@@std@@V?$allocator@U?$pair@$$CBV?$basic_string@DU?$char_traits@D@std@@V?$allocator@D@2@@std@@VManagedModel@VMAP@@@std@@@2@@std@@@2@ABV?$basic_string@DU?$char_traits@D@std@@V?$allocator@D@2@@2@@Z 00407c80 f i VMapManager2.obj
 0001:00006db0       ??1?$list@U?$pair@$$CBV?$basic_string@DU?$char_traits@D@std@@V?$allocator@D@2@@std@@VManagedModel@VMAP@@@std@@V?$allocator@U?$pair@$$CBV?$basic_string@DU?$char_traits@D@std@@V?$allocator@D@2@@std@@VManagedModel@VMAP@@@std@@@2@@std@@QAE@XZ 00407db0 f i VMapManager2.obj
 0001:00006dd0       ?erase@?$list@U?$pair@$$CBV?$basic_string@DU?$char_traits@D@std@@V?$allocator@D@2@@std@@VManagedModel@VMAP@@@std@@V?$allocator@U?$pair@$$CBV?$basic_string@DU?$char_traits@D@std@@V?$allocator@D@2@@std@@VManagedModel@VMAP@@@std@@@2@@std@@QAE?AV?$_List_iterator@V?$_List_val@U?$pair@$$CBV?$basic_string@DU?$char_traits@D@std@@V?$allocator@D@2@@std@@VManagedModel@VMAP@@@std@@V?$allocator@U?$pair@$$CBV?$basic_string@DU?$char_traits@D@std@@V?$allocator@D@2@@std@@VManagedModel@VMAP@@@std@@@2@@std@@@2@V?$_List_const_iterator@V?$_List_val@U?$pair@$$CBV?$basic_string@DU?$char_traits@D@std@@V?$allocator@D@2@@std@@VManagedModel@VMAP@@@std@@V?$allocator@U?$pair@$$CBV?$basic_string@DU?$char_traits@D@std@@V?$allocator@D@2@@std@@VManagedModel@VMAP@@@std@@@2@@std@@@2@@Z 00407dd0 f i VMapManager2.obj
 0001:00006e40       ??R?$_Hash_compare@V?$basic_string@DU?$char_traits@D@std@@V?$allocator@D@2@@std@@V?$hash@V?$basic_string@DU?$char_traits@D@std@@V?$allocator@D@2@@std@@@2@U?$equal_to@V?$basic_string@DU?$char_traits@D@std@@V?$allocator@D@2@@std@@@2@@std@@QBE_NABV?$basic_string@DU?$char_traits@D@std@@V?$allocator@D@2@@1@0@Z 00407e40 f i VMapManager2.obj
 0001:00006ea0       ?clear@?$_Hash@V?$_Umap_traits@IPAVStaticMapTree@VMAP@@V?$_Hash_compare@IV?$hash@I@std@@U?$equal_to@I@2@@std@@V?$allocator@U?$pair@$$CBIPAVStaticMapTree@VMAP@@@std@@@4@$0A@@tr1@std@@@std@@QAEXXZ 00407ea0 f i VMapManager2.obj
 0001:00006ea0       ?clear@?$_Hash@V?$_Umap_traits@I_NV?$_Hash_compare@IV?$hash@I@std@@U?$equal_to@I@2@@std@@V?$allocator@U?$pair@$$CBI_N@std@@@2@$0A@@tr1@std@@@std@@QAEXXZ 00407ea0 f i MapTree.obj
 0001:00006ea0       ?clear@?$_Hash@V?$_Umap_traits@IIV?$_Hash_compare@IV?$hash@I@std@@U?$equal_to@I@2@@std@@V?$allocator@U?$pair@$$CBII@std@@@2@$0A@@tr1@std@@@std@@QAEXXZ 00407ea0 f i MapTree.obj
 0001:00006f30       ?clear@?$list@U?$pair@$$CBV?$basic_string@DU?$char_traits@D@std@@V?$allocator@D@2@@std@@VManagedModel@VMAP@@@std@@V?$allocator@U?$pair@$$CBV?$basic_string@DU?$char_traits@D@std@@V?$allocator@D@2@@std@@VManagedModel@VMAP@@@std@@@2@@std@@QAEXXZ 00407f30 f i VMapManager2.obj
 0001:00006f90       ?erase@?$list@U?$pair@$$CBI_N@std@@V?$allocator@U?$pair@$$CBI_N@std@@@2@@std@@QAE?AV?$_List_iterator@V?$_List_val@U?$pair@$$CBI_N@std@@V?$allocator@U?$pair@$$CBI_N@std@@@2@@std@@@2@V?$_List_const_iterator@V?$_List_val@U?$pair@$$CBI_N@std@@V?$allocator@U?$pair@$$CBI_N@std@@@2@@std@@@2@@Z 00407f90 f i MapTree.obj
 0001:00006f90       ?erase@?$list@U?$pair@$$CBIPAVStaticMapTree@VMAP@@@std@@V?$allocator@U?$pair@$$CBIPAVStaticMapTree@VMAP@@@std@@@2@@std@@QAE?AV?$_List_iterator@V?$_List_val@U?$pair@$$CBIPAVStaticMapTree@VMAP@@@std@@V?$allocator@U?$pair@$$CBIPAVStaticMapTree@VMAP@@@std@@@2@@std@@@2@V?$_List_const_iterator@V?$_List_val@U?$pair@$$CBIPAVStaticMapTree@VMAP@@@std@@V?$allocator@U?$pair@$$CBIPAVStaticMapTree@VMAP@@@std@@@2@@std@@@2@@Z 00407f90 f i VMapManager2.obj
 0001:00006f90       ?erase@?$list@U?$pair@$$CBII@std@@V?$allocator@U?$pair@$$CBII@std@@@2@@std@@QAE?AV?$_List_iterator@V?$_List_val@U?$pair@$$CBII@std@@V?$allocator@U?$pair@$$CBII@std@@@2@@std@@@2@V?$_List_const_iterator@V?$_List_val@U?$pair@$$CBII@std@@V?$allocator@U?$pair@$$CBII@std@@@2@@std@@@2@@Z 00407f90 f i MapTree.obj
 0001:00006fd0       ?clear@?$list@U?$pair@$$CBIPAVStaticMapTree@VMAP@@@std@@V?$allocator@U?$pair@$$CBIPAVStaticMapTree@VMAP@@@std@@@2@@std@@QAEXXZ 00407fd0 f i VMapManager2.obj
 0001:00007010       ?_Insert_n@?$vector@V?$_List_iterator@V?$_List_val@U?$pair@$$CBI_N@std@@V?$allocator@U?$pair@$$CBI_N@std@@@2@@std@@@std@@V?$allocator@V?$_List_iterator@V?$_List_val@U?$pair@$$CBI_N@std@@V?$allocator@U?$pair@$$CBI_N@std@@@2@@std@@@std@@@2@@std@@IAEXV?$_Vector_const_iterator@V?$_Vector_val@V?$_List_iterator@V?$_List_val@U?$pair@$$CBI_N@std@@V?$allocator@U?$pair@$$CBI_N@std@@@2@@std@@@std@@V?$allocator@V?$_List_iterator@V?$_List_val@U?$pair@$$CBI_N@std@@V?$allocator@U?$pair@$$CBI_N@std@@@2@@std@@@std@@@2@@std@@@2@IABV?$_List_iterator@V?$_List_val@U?$pair@$$CBI_N@std@@V?$allocator@U?$pair@$$CBI_N@std@@@2@@std@@@2@@Z 00408010 f i MapTree.obj
 0001:00007010       ?_Insert_n@?$vector@V?$_List_iterator@V?$_List_val@U?$pair@$$CBIPAVStaticMapTree@VMAP@@@std@@V?$allocator@U?$pair@$$CBIPAVStaticMapTree@VMAP@@@std@@@2@@std@@@std@@V?$allocator@V?$_List_iterator@V?$_List_val@U?$pair@$$CBIPAVStaticMapTree@VMAP@@@std@@V?$allocator@U?$pair@$$CBIPAVStaticMapTree@VMAP@@@std@@@2@@std@@@std@@@2@@std@@IAEXV?$_Vector_const_iterator@V?$_Vector_val@V?$_List_iterator@V?$_List_val@U?$pair@$$CBIPAVStaticMapTree@VMAP@@@std@@V?$allocator@U?$pair@$$CBIPAVStaticMapTree@VMAP@@@std@@@2@@std@@@std@@V?$allocator@V?$_List_iterator@V?$_List_val@U?$pair@$$CBIPAVStaticMapTree@VMAP@@@std@@V?$allocator@U?$pair@$$CBIPAVStaticMapTree@VMAP@@@std@@@2@@std@@@std@@@2@@std@@@2@IABV?$_List_iterator@V?$_List_val@U?$pair@$$CBIPAVStaticMapTree@VMAP@@@std@@V?$allocator@U?$pair@$$CBIPAVStaticMapTree@VMAP@@@std@@@2@@std@@@2@@Z 00408010 f i VMapManager2.obj
 0001:00007010       ?_Insert_n@?$vector@V?$_List_iterator@V?$_List_val@U?$pair@$$CBV?$basic_string@DU?$char_traits@D@std@@V?$allocator@D@2@@std@@VManagedModel@VMAP@@@std@@V?$allocator@U?$pair@$$CBV?$basic_string@DU?$char_traits@D@std@@V?$allocator@D@2@@std@@VManagedModel@VMAP@@@std@@@2@@std@@@std@@V?$allocator@V?$_List_iterator@V?$_List_val@U?$pair@$$CBV?$basic_string@DU?$char_traits@D@std@@V?$allocator@D@2@@std@@VManagedModel@VMAP@@@std@@V?$allocator@U?$pair@$$CBV?$basic_string@DU?$char_traits@D@std@@V?$allocator@D@2@@std@@VManagedModel@VMAP@@@std@@@2@@std@@@std@@@2@@std@@IAEXV?$_Vector_const_iterator@V?$_Vector_val@V?$_List_iterator@V?$_List_val@U?$pair@$$CBV?$basic_string@DU?$char_traits@D@std@@V?$allocator@D@2@@std@@VManagedModel@VMAP@@@std@@V?$allocator@U?$pair@$$CBV?$basic_string@DU?$char_traits@D@std@@V?$allocator@D@2@@std@@VManagedModel@VMAP@@@std@@@2@@std@@@std@@V?$allocator@V?$_List_iterator@V?$_List_val@U?$pair@$$CBV?$basic_string@DU?$char_traits@D@std@@V?$allocator@D@2@@std@@VManagedModel@VMAP@@@std@@V?$allocator@U?$pair@$$CBV?$basic_string@DU?$char_traits@D@std@@V?$allocator@D@2@@std@@VManagedModel@VMAP@@@std@@@2@@std@@@std@@@2@@std@@@2@IABV?$_List_iterator@V?$_List_val@U?$pair@$$CBV?$basic_string@DU?$char_traits@D@std@@V?$allocator@D@2@@std@@VManagedModel@VMAP@@@std@@V?$allocator@U?$pair@$$CBV?$basic_string@DU?$char_traits@D@std@@V?$allocator@D@2@@std@@VManagedModel@VMAP@@@std@@@2@@std@@@2@@Z 00408010 f i VMapManager2.obj
 0001:00007010       ?_Insert_n@?$vector@V?$_List_iterator@V?$_List_val@U?$pair@$$CBII@std@@V?$allocator@U?$pair@$$CBII@std@@@2@@std@@@std@@V?$allocator@V?$_List_iterator@V?$_List_val@U?$pair@$$CBII@std@@V?$allocator@U?$pair@$$CBII@std@@@2@@std@@@std@@@2@@std@@IAEXV?$_Vector_const_iterator@V?$_Vector_val@V?$_List_iterator@V?$_List_val@U?$pair@$$CBII@std@@V?$allocator@U?$pair@$$CBII@std@@@2@@std@@@std@@V?$allocator@V?$_List_iterator@V?$_List_val@U?$pair@$$CBII@std@@V?$allocator@U?$pair@$$CBII@std@@@2@@std@@@std@@@2@@std@@@2@IABV?$_List_iterator@V?$_List_val@U?$pair@$$CBII@std@@V?$allocator@U?$pair@$$CBII@std@@@2@@std@@@2@@Z 00408010 f i MapTree.obj
 0001:00007260       ?allocate@?$allocator@V?$_List_iterator@V?$_List_val@U?$pair@$$CBIPAVStaticMapTree@VMAP@@@std@@V?$allocator@U?$pair@$$CBIPAVStaticMapTree@VMAP@@@std@@@2@@std@@@std@@@std@@QAEPAV?$_List_iterator@V?$_List_val@U?$pair@$$CBIPAVStaticMapTree@VMAP@@@std@@V?$allocator@U?$pair@$$CBIPAVStaticMapTree@VMAP@@@std@@@2@@std@@@2@I@Z 00408260 f i VMapManager2.obj
 0001:00007260       ?allocate@?$allocator@V?$_List_iterator@V?$_List_val@U?$pair@$$CBII@std@@V?$allocator@U?$pair@$$CBII@std@@@2@@std@@@std@@@std@@QAEPAV?$_List_iterator@V?$_List_val@U?$pair@$$CBII@std@@V?$allocator@U?$pair@$$CBII@std@@@2@@std@@@2@I@Z 00408260 f i MapTree.obj
 0001:00007260       ?allocate@?$allocator@V?$_List_iterator@V?$_List_val@U?$pair@$$CBV?$basic_string@DU?$char_traits@D@std@@V?$allocator@D@2@@std@@VManagedModel@VMAP@@@std@@V?$allocator@U?$pair@$$CBV?$basic_string@DU?$char_traits@D@std@@V?$allocator@D@2@@std@@VManagedModel@VMAP@@@std@@@2@@std@@@std@@@std@@QAEPAV?$_List_iterator@V?$_List_val@U?$pair@$$CBV?$basic_string@DU?$char_traits@D@std@@V?$allocator@D@2@@std@@VManagedModel@VMAP@@@std@@V?$allocator@U?$pair@$$CBV?$basic_string@DU?$char_traits@D@std@@V?$allocator@D@2@@std@@VManagedModel@VMAP@@@std@@@2@@std@@@2@I@Z 00408260 f i VMapManager2.obj
 0001:00007260       ?allocate@?$allocator@V?$_List_iterator@V?$_List_val@U?$pair@$$CBI_N@std@@V?$allocator@U?$pair@$$CBI_N@std@@@2@@std@@@std@@@std@@QAEPAV?$_List_iterator@V?$_List_val@U?$pair@$$CBI_N@std@@V?$allocator@U?$pair@$$CBI_N@std@@@2@@std@@@2@I@Z 00408260 f i MapTree.obj
 0001:000072c0       ??$insert@U?$pair@V?$basic_string@DU?$char_traits@D@std@@V?$allocator@D@2@@std@@VManagedModel@VMAP@@@std@@@?$_Hash@V?$_Umap_traits@V?$basic_string@DU?$char_traits@D@std@@V?$allocator@D@2@@std@@VManagedModel@VMAP@@V?$_Hash_compare@V?$basic_string@DU?$char_traits@D@std@@V?$allocator@D@2@@std@@V?$hash@V?$basic_string@DU?$char_traits@D@std@@V?$allocator@D@2@@std@@@2@U?$equal_to@V?$basic_string@DU?$char_traits@D@std@@V?$allocator@D@2@@std@@@2@@2@V?$allocator@U?$pair@$$CBV?$basic_string@DU?$char_traits@D@std@@V?$allocator@D@2@@std@@VManagedModel@VMAP@@@std@@@2@$0A@@tr1@std@@@std@@QAE?AU?$pair@V?$_List_iterator@V?$_List_val@U?$pair@$$CBV?$basic_string@DU?$char_traits@D@std@@V?$allocator@D@2@@std@@VManagedModel@VMAP@@@std@@V?$allocator@U?$pair@$$CBV?$basic_string@DU?$char_traits@D@std@@V?$allocator@D@2@@std@@VManagedModel@VMAP@@@std@@@2@@std@@@std@@_N@1@$$QAU?$pair@V?$basic_string@DU?$char_traits@D@std@@V?$allocator@D@2@@std@@VManagedModel@VMAP@@@1@@Z 004082c0 f i VMapManager2.obj
 0001:00007320       ?_Insert@?$_Hash@V?$_Umap_traits@V?$basic_string@DU?$char_traits@D@std@@V?$allocator@D@2@@std@@VManagedModel@VMAP@@V?$_Hash_compare@V?$basic_string@DU?$char_traits@D@std@@V?$allocator@D@2@@std@@V?$hash@V?$basic_string@DU?$char_traits@D@std@@V?$allocator@D@2@@std@@@2@U?$equal_to@V?$basic_string@DU?$char_traits@D@std@@V?$allocator@D@2@@std@@@2@@2@V?$allocator@U?$pair@$$CBV?$basic_string@DU?$char_traits@D@std@@V?$allocator@D@2@@std@@VManagedModel@VMAP@@@std@@@2@$0A@@tr1@std@@@std@@IAE?AU?$pair@V?$_List_iterator@V?$_List_val@U?$pair@$$CBV?$basic_string@DU?$char_traits@D@std@@V?$allocator@D@2@@std@@VManagedModel@VMAP@@@std@@V?$allocator@U?$pair@$$CBV?$basic_string@DU?$char_traits@D@std@@V?$allocator@D@2@@std@@VManagedModel@VMAP@@@std@@@2@@std@@@std@@_N@2@ABU?$pair@$$CBV?$basic_string@DU?$char_traits@D@std@@V?$allocator@D@2@@std@@VManagedModel@VMAP@@@2@V?$_List_iterator@V?$_List_val@U?$pair@$$CBV?$basic_string@DU?$char_traits@D@std@@V?$allocator@D@2@@std@@VManagedModel@VMAP@@@std@@V?$allocator@U?$pair@$$CBV?$basic_string@DU?$char_traits@D@std@@V?$allocator@D@2@@std@@VManagedModel@VMAP@@@std@@@2@@std@@@2@@Z 00408320 f i VMapManager2.obj
 0001:00007500       ?_Insert@?$_Hash@V?$_Umap_traits@IPAVStaticMapTree@VMAP@@V?$_Hash_compare@IV?$hash@I@std@@U?$equal_to@I@2@@std@@V?$allocator@U?$pair@$$CBIPAVStaticMapTree@VMAP@@@std@@@4@$0A@@tr1@std@@@std@@IAE?AU?$pair@V?$_List_iterator@V?$_List_val@U?$pair@$$CBIPAVStaticMapTree@VMAP@@@std@@V?$allocator@U?$pair@$$CBIPAVStaticMapTree@VMAP@@@std@@@2@@std@@@std@@_N@2@ABU?$pair@$$CBIPAVStaticMapTree@VMAP@@@2@V?$_List_iterator@V?$_List_val@U?$pair@$$CBIPAVStaticMapTree@VMAP@@@std@@V?$allocator@U?$pair@$$CBIPAVStaticMapTree@VMAP@@@std@@@2@@std@@@2@@Z 00408500 f i VMapManager2.obj
 0001:00007620       ?_Check_size@?$_Hash@V?$_Umap_traits@V?$basic_string@DU?$char_traits@D@std@@V?$allocator@D@2@@std@@VManagedModel@VMAP@@V?$_Hash_compare@V?$basic_string@DU?$char_traits@D@std@@V?$allocator@D@2@@std@@V?$hash@V?$basic_string@DU?$char_traits@D@std@@V?$allocator@D@2@@std@@@2@U?$equal_to@V?$basic_string@DU?$char_traits@D@std@@V?$allocator@D@2@@std@@@2@@2@V?$allocator@U?$pair@$$CBV?$basic_string@DU?$char_traits@D@std@@V?$allocator@D@2@@std@@VManagedModel@VMAP@@@std@@@2@$0A@@tr1@std@@@std@@IAEXXZ 00408620 f i VMapManager2.obj
 0001:000076d0       ?_Splice_same@?$list@U?$pair@$$CBV?$basic_string@DU?$char_traits@D@std@@V?$allocator@D@2@@std@@VManagedModel@VMAP@@@std@@V?$allocator@U?$pair@$$CBV?$basic_string@DU?$char_traits@D@std@@V?$allocator@D@2@@std@@VManagedModel@VMAP@@@std@@@2@@std@@QAEXV?$_List_const_iterator@V?$_List_val@U?$pair@$$CBV?$basic_string@DU?$char_traits@D@std@@V?$allocator@D@2@@std@@VManagedModel@VMAP@@@std@@V?$allocator@U?$pair@$$CBV?$basic_string@DU?$char_traits@D@std@@V?$allocator@D@2@@std@@VManagedModel@VMAP@@@std@@@2@@std@@@2@AAV12@00I@Z 004086d0 f i VMapManager2.obj
 0001:00007740       ?_Check_size@?$_Hash@V?$_Umap_traits@IPAVStaticMapTree@VMAP@@V?$_Hash_compare@IV?$hash@I@std@@U?$equal_to@I@2@@std@@V?$allocator@U?$pair@$$CBIPAVStaticMapTree@VMAP@@@std@@@4@$0A@@tr1@std@@@std@@IAEXXZ 00408740 f i VMapManager2.obj
 0001:000077f0       ?_Splice_same@?$list@U?$pair@$$CBIPAVStaticMapTree@VMAP@@@std@@V?$allocator@U?$pair@$$CBIPAVStaticMapTree@VMAP@@@std@@@2@@std@@QAEXV?$_List_const_iterator@V?$_List_val@U?$pair@$$CBIPAVStaticMapTree@VMAP@@@std@@V?$allocator@U?$pair@$$CBIPAVStaticMapTree@VMAP@@@std@@@2@@std@@@2@AAV12@00I@Z 004087f0 f i VMapManager2.obj
 0001:000077f0       ?_Splice_same@?$list@U?$pair@$$CBII@std@@V?$allocator@U?$pair@$$CBII@std@@@2@@std@@QAEXV?$_List_const_iterator@V?$_List_val@U?$pair@$$CBII@std@@V?$allocator@U?$pair@$$CBII@std@@@2@@std@@@2@AAV12@00I@Z 004087f0 f i MapTree.obj
 0001:000077f0       ?_Splice_same@?$list@U?$pair@$$CBI_N@std@@V?$allocator@U?$pair@$$CBI_N@std@@@2@@std@@QAEXV?$_List_const_iterator@V?$_List_val@U?$pair@$$CBI_N@std@@V?$allocator@U?$pair@$$CBI_N@std@@@2@@std@@@2@AAV12@00I@Z 004087f0 f i MapTree.obj
 0001:00007860       ?_Reinsert@?$_Hash@V?$_Umap_traits@V?$basic_string@DU?$char_traits@D@std@@V?$allocator@D@2@@std@@VManagedModel@VMAP@@V?$_Hash_compare@V?$basic_string@DU?$char_traits@D@std@@V?$allocator@D@2@@std@@V?$hash@V?$basic_string@DU?$char_traits@D@std@@V?$allocator@D@2@@std@@@2@U?$equal_to@V?$basic_string@DU?$char_traits@D@std@@V?$allocator@D@2@@std@@@2@@2@V?$allocator@U?$pair@$$CBV?$basic_string@DU?$char_traits@D@std@@V?$allocator@D@2@@std@@VManagedModel@VMAP@@@std@@@2@$0A@@tr1@std@@@std@@IAEXV?$_List_iterator@V?$_List_val@U?$pair@$$CBV?$basic_string@DU?$char_traits@D@std@@V?$allocator@D@2@@std@@VManagedModel@VMAP@@@std@@V?$allocator@U?$pair@$$CBV?$basic_string@DU?$char_traits@D@std@@V?$allocator@D@2@@std@@VManagedModel@VMAP@@@std@@@2@@std@@@2@@Z 00408860 f i VMapManager2.obj
 0001:000078b0       ?_Reinsert@?$_Hash@V?$_Umap_traits@IPAVStaticMapTree@VMAP@@V?$_Hash_compare@IV?$hash@I@std@@U?$equal_to@I@2@@std@@V?$allocator@U?$pair@$$CBIPAVStaticMapTree@VMAP@@@std@@@4@$0A@@tr1@std@@@std@@IAEXV?$_List_iterator@V?$_List_val@U?$pair@$$CBIPAVStaticMapTree@VMAP@@@std@@V?$allocator@U?$pair@$$CBIPAVStaticMapTree@VMAP@@@std@@@2@@std@@@2@@Z 004088b0 f i VMapManager2.obj
 0001:00007900       ??$_Uninit_fill_n@PAV?$_List_iterator@V?$_List_val@U?$pair@$$CBV?$basic_string@DU?$char_traits@D@std@@V?$allocator@D@2@@std@@VManagedModel@VMAP@@@std@@V?$allocator@U?$pair@$$CBV?$basic_string@DU?$char_traits@D@std@@V?$allocator@D@2@@std@@VManagedModel@VMAP@@@std@@@2@@std@@@std@@IV12@V?$allocator@V?$_List_iterator@V?$_List_val@U?$pair@$$CBV?$basic_string@DU?$char_traits@D@std@@V?$allocator@D@2@@std@@VManagedModel@VMAP@@@std@@V?$allocator@U?$pair@$$CBV?$basic_string@DU?$char_traits@D@std@@V?$allocator@D@2@@std@@VManagedModel@VMAP@@@std@@@2@@std@@@std@@@2@V12@@std@@YAXPAV?$_List_iterator@V?$_List_val@U?$pair@$$CBV?$basic_string@DU?$char_traits@D@std@@V?$allocator@D@2@@std@@VManagedModel@VMAP@@@std@@V?$allocator@U?$pair@$$CBV?$basic_string@DU?$char_traits@D@std@@V?$allocator@D@2@@std@@VManagedModel@VMAP@@@std@@@2@@std@@@0@IPBV10@AAV?$allocator@V?$_List_iterator@V?$_List_val@U?$pair@$$CBV?$basic_string@DU?$char_traits@D@std@@V?$allocator@D@2@@std@@VManagedModel@VMAP@@@std@@V?$allocator@U?$pair@$$CBV?$basic_string@DU?$char_traits@D@std@@V?$allocator@D@2@@std@@VManagedModel@VMAP@@@std@@@2@@std@@@std@@@0@0U_Nonscalar_ptr_iterator_tag@0@@Z 00408900 f i VMapManager2.obj
 0001:00007900       ??$_Uninit_fill_n@PAV?$_List_iterator@V?$_List_val@U?$pair@$$CBII@std@@V?$allocator@U?$pair@$$CBII@std@@@2@@std@@@std@@IV12@V?$allocator@V?$_List_iterator@V?$_List_val@U?$pair@$$CBII@std@@V?$allocator@U?$pair@$$CBII@std@@@2@@std@@@std@@@2@V12@@std@@YAXPAV?$_List_iterator@V?$_List_val@U?$pair@$$CBII@std@@V?$allocator@U?$pair@$$CBII@std@@@2@@std@@@0@IPBV10@AAV?$allocator@V?$_List_iterator@V?$_List_val@U?$pair@$$CBII@std@@V?$allocator@U?$pair@$$CBII@std@@@2@@std@@@std@@@0@0U_Nonscalar_ptr_iterator_tag@0@@Z 00408900 f i MapTree.obj
 0001:00007900       ??$_Uninit_fill_n@PAV?$_List_iterator@V?$_List_val@U?$pair@$$CBIPAVStaticMapTree@VMAP@@@std@@V?$allocator@U?$pair@$$CBIPAVStaticMapTree@VMAP@@@std@@@2@@std@@@std@@IV12@V?$allocator@V?$_List_iterator@V?$_List_val@U?$pair@$$CBIPAVStaticMapTree@VMAP@@@std@@V?$allocator@U?$pair@$$CBIPAVStaticMapTree@VMAP@@@std@@@2@@std@@@std@@@2@V12@@std@@YAXPAV?$_List_iterator@V?$_List_val@U?$pair@$$CBIPAVStaticMapTree@VMAP@@@std@@V?$allocator@U?$pair@$$CBIPAVStaticMapTree@VMAP@@@std@@@2@@std@@@0@IPBV10@AAV?$allocator@V?$_List_iterator@V?$_List_val@U?$pair@$$CBIPAVStaticMapTree@VMAP@@@std@@V?$allocator@U?$pair@$$CBIPAVStaticMapTree@VMAP@@@std@@@2@@std@@@std@@@0@0U_Nonscalar_ptr_iterator_tag@0@@Z 00408900 f i VMapManager2.obj
 0001:00007900       ??$_Uninit_fill_n@PAV?$_List_iterator@V?$_List_val@U?$pair@$$CBI_N@std@@V?$allocator@U?$pair@$$CBI_N@std@@@2@@std@@@std@@IV12@V?$allocator@V?$_List_iterator@V?$_List_val@U?$pair@$$CBI_N@std@@V?$allocator@U?$pair@$$CBI_N@std@@@2@@std@@@std@@@2@V12@@std@@YAXPAV?$_List_iterator@V?$_List_val@U?$pair@$$CBI_N@std@@V?$allocator@U?$pair@$$CBI_N@std@@@2@@std@@@0@IPBV10@AAV?$allocator@V?$_List_iterator@V?$_List_val@U?$pair@$$CBI_N@std@@V?$allocator@U?$pair@$$CBI_N@std@@@2@@std@@@std@@@0@0U_Nonscalar_ptr_iterator_tag@0@@Z 00408900 f i MapTree.obj
 0001:00007920       ??$_Buynode@U?$pair@V?$basic_string@DU?$char_traits@D@std@@V?$allocator@D@2@@std@@VManagedModel@VMAP@@@std@@@?$_List_val@U?$pair@$$CBV?$basic_string@DU?$char_traits@D@std@@V?$allocator@D@2@@std@@VManagedModel@VMAP@@@std@@V?$allocator@U?$pair@$$CBV?$basic_string@DU?$char_traits@D@std@@V?$allocator@D@2@@std@@VManagedModel@VMAP@@@std@@@2@@std@@QAEPAU_Node@?$_List_nod@U?$pair@$$CBV?$basic_string@DU?$char_traits@D@std@@V?$allocator@D@2@@std@@VManagedModel@VMAP@@@std@@V?$allocator@U?$pair@$$CBV?$basic_string@DU?$char_traits@D@std@@V?$allocator@D@2@@std@@VManagedModel@VMAP@@@std@@@2@@1@PAU231@0$$QAU?$pair@V?$basic_string@DU?$char_traits@D@std@@V?$allocator@D@2@@std@@VManagedModel@VMAP@@@1@@Z 00408920 f i VMapManager2.obj
 0001:00007a00       _fabsf                     00408a00 f i WorldModel.obj
 0001:00007a20       ?IntersectTriangle@VMAP@@YA_NABVMeshTriangle@1@V?$_Vector_const_iterator@V?$_Vector_val@VVector3@G3D@@V?$allocator@VVector3@G3D@@@std@@@std@@@std@@ABVRay@G3D@@AAM@Z 00408a20 f   WorldModel.obj
 0001:00007cd0       ??4WmoLiquid@VMAP@@QAEAAV01@ABV01@@Z 00408cd0 f   WorldModel.obj
 0001:00007da0       ?GetLiquidHeight@WmoLiquid@VMAP@@QBE_NABVVector3@G3D@@AAM@Z 00408da0 f   WorldModel.obj
 0001:00007f10       ?readFromFile@WmoLiquid@VMAP@@SA_NPAU_iobuf@@AAPAV12@@Z 00408f10 f   WorldModel.obj
 0001:00008040       ??0GroupModel@VMAP@@QAE@ABV01@@Z 00409040 f   WorldModel.obj
 0001:00008170       ?readFromFile@GroupModel@VMAP@@QAE_NPAU_iobuf@@@Z 00409170 f   WorldModel.obj
 0001:00008430       ?IsInsideObject@GroupModel@VMAP@@QBE_NABVVector3@G3D@@0AAM@Z 00409430 f   WorldModel.obj
 0001:00008550       ??RWModelRayCallBack@VMAP@@QAE_NABVRay@G3D@@IAAM_N@Z 00409550 f i WorldModel.obj
 0001:000085b0       ?IntersectRay@WorldModel@VMAP@@QBE_NABVRay@G3D@@AAM_N@Z 004095b0 f   WorldModel.obj
 0001:00008650       ??RWModelAreaCallback@VMAP@@QAEXABVVector3@G3D@@I@Z 00409650 f i WorldModel.obj
 0001:000086a0       ?IntersectPoint@WorldModel@VMAP@@QBE_NABVVector3@G3D@@0AAMAAUAreaInfo@2@@Z 004096a0 f   WorldModel.obj
 0001:00008740       ?GetLocationInfo@WorldModel@VMAP@@QBE_NABVVector3@G3D@@0AAMAAULocationInfo@2@@Z 00409740 f   WorldModel.obj
 0001:000087d0       ?readFile@WorldModel@VMAP@@QAE_NABV?$basic_string@DU?$char_traits@D@std@@V?$allocator@D@2@@std@@@Z 004097d0 f   WorldModel.obj
 0001:00008980       ??0?$vector@IV?$allocator@I@std@@@std@@QAE@ABV01@@Z 00409980 f i WorldModel.obj
 0001:00008a40       ??0?$vector@VVector3@G3D@@V?$allocator@VVector3@G3D@@@std@@@std@@QAE@ABV01@@Z 00409a40 f i WorldModel.obj
 0001:00008a40       ??0?$vector@VMeshTriangle@VMAP@@V?$allocator@VMeshTriangle@VMAP@@@std@@@std@@QAE@ABV01@@Z 00409a40 f i WorldModel.obj
 0001:00008b10       ?resize@?$vector@VVector3@G3D@@V?$allocator@VVector3@G3D@@@std@@@std@@QAEXI@Z 00409b10 f i WorldModel.obj
 0001:00008be0       ?clear@?$vector@VVector3@G3D@@V?$allocator@VVector3@G3D@@@std@@@std@@QAEXXZ 00409be0 f i WorldModel.obj
 0001:00008c20       ?resize@?$vector@VMeshTriangle@VMAP@@V?$allocator@VMeshTriangle@VMAP@@@std@@@std@@QAEXI@Z 00409c20 f i WorldModel.obj
 0001:00008cf0       ?resize@?$vector@VGroupModel@VMAP@@V?$allocator@VGroupModel@VMAP@@@std@@@std@@QAEXI@Z 00409cf0 f i WorldModel.obj
 0001:00008d90       ?_Buy@?$vector@VVector3@G3D@@V?$allocator@VVector3@G3D@@@std@@@std@@IAE_NI@Z 00409d90 f i WorldModel.obj
 0001:00008d90       ?_Buy@?$vector@VMeshTriangle@VMAP@@V?$allocator@VMeshTriangle@VMAP@@@std@@@std@@IAE_NI@Z 00409d90 f i WorldModel.obj
 0001:00008dd0       ?erase@?$vector@VGroupModel@VMAP@@V?$allocator@VGroupModel@VMAP@@@std@@@std@@QAE?AV?$_Vector_iterator@V?$_Vector_val@VGroupModel@VMAP@@V?$allocator@VGroupModel@VMAP@@@std@@@std@@@2@V?$_Vector_const_iterator@V?$_Vector_val@VGroupModel@VMAP@@V?$allocator@VGroupModel@VMAP@@@std@@@std@@@2@0@Z 00409dd0 f i WorldModel.obj
 0001:00008e30       ??$intersectRay@UGModelRayCallback@VMAP@@@BIH@@QBEXABVRay@G3D@@AAUGModelRayCallback@VMAP@@AAM_N@Z 00409e30 f i WorldModel.obj
 0001:00009490       ??$intersectRay@UWModelRayCallBack@VMAP@@@BIH@@QBEXABVRay@G3D@@AAUWModelRayCallBack@VMAP@@AAM_N@Z 0040a490 f i WorldModel.obj
 0001:00009ae0       ??$intersectPoint@VWModelAreaCallback@VMAP@@@BIH@@QBEXABVVector3@G3D@@AAVWModelAreaCallback@VMAP@@@Z 0040aae0 f i WorldModel.obj
 0001:00009ce0       ??$_Uninit_def_fill_n@PAVVector3@G3D@@IV12@V?$allocator@VVector3@G3D@@@std@@V12@@std@@YAXPAVVector3@G3D@@IPBV12@AAV?$allocator@VVector3@G3D@@@0@0U_Nonscalar_ptr_iterator_tag@0@@Z 0040ace0 f i WorldModel.obj
 0001:00009d20       ??$_Uninit_def_fill_n@PAVMeshTriangle@VMAP@@IV12@V?$allocator@VMeshTriangle@VMAP@@@std@@V12@@std@@YAXPAVMeshTriangle@VMAP@@IPBV12@AAV?$allocator@VMeshTriangle@VMAP@@@0@0U_Nonscalar_ptr_iterator_tag@0@@Z 0040ad20 f i WorldModel.obj
 0001:00009d50       ??$_Uninit_def_fill_n@PAVGroupModel@VMAP@@IV12@V?$allocator@VGroupModel@VMAP@@@std@@V12@@std@@YAXPAVGroupModel@VMAP@@IPBV12@AAV?$allocator@VGroupModel@VMAP@@@0@0U_Nonscalar_ptr_iterator_tag@0@@Z 0040ad50 f i WorldModel.obj
 0001:00009e60       ??$_Move@PAVGroupModel@VMAP@@PAV12@@std@@YAPAVGroupModel@VMAP@@PAV12@00U_Nonscalar_ptr_iterator_tag@0@@Z 0040ae60 f i WorldModel.obj
 0001:00009e60       ??$_Copy_impl@PAVGroupModel@VMAP@@PAV12@@std@@YAPAVGroupModel@VMAP@@PAV12@00U_Nonscalar_ptr_iterator_tag@0@@Z 0040ae60 f i VMapExtensions.obj
 0001:00009f40       ??4?$vector@VVector3@G3D@@V?$allocator@VVector3@G3D@@@std@@@std@@QAEAAV01@ABV01@@Z 0040af40 f i WorldModel.obj
 0001:0000a060       ??4?$vector@VMeshTriangle@VMAP@@V?$allocator@VMeshTriangle@VMAP@@@std@@@std@@QAEAAV01@ABV01@@Z 0040b060 f i WorldModel.obj
 0001:0000a1b0       ??$_Uninit_copy@V?$_Vector_const_iterator@V?$_Vector_val@IV?$allocator@I@std@@@std@@@std@@PAIV?$allocator@I@2@@std@@YAPAIV?$_Vector_const_iterator@V?$_Vector_val@IV?$allocator@I@std@@@std@@@0@0PAIAAV?$allocator@I@0@U_Nonscalar_ptr_iterator_tag@0@@Z 0040b1b0 f i WorldModel.obj
 0001:0000a1e0       ??$_Uninit_copy@V?$_Vector_const_iterator@V?$_Vector_val@VVector3@G3D@@V?$allocator@VVector3@G3D@@@std@@@std@@@std@@PAVVector3@G3D@@V?$allocator@VVector3@G3D@@@2@@std@@YAPAVVector3@G3D@@V?$_Vector_const_iterator@V?$_Vector_val@VVector3@G3D@@V?$allocator@VVector3@G3D@@@std@@@std@@@0@0PAV12@AAV?$allocator@VVector3@G3D@@@0@U_Nonscalar_ptr_iterator_tag@0@@Z 0040b1e0 f i WorldModel.obj
 0001:0000a1e0       ??$_Uninit_copy@V?$_Vector_const_iterator@V?$_Vector_val@VMeshTriangle@VMAP@@V?$allocator@VMeshTriangle@VMAP@@@std@@@std@@@std@@PAVMeshTriangle@VMAP@@V?$allocator@VMeshTriangle@VMAP@@@2@@std@@YAPAVMeshTriangle@VMAP@@V?$_Vector_const_iterator@V?$_Vector_val@VMeshTriangle@VMAP@@V?$allocator@VMeshTriangle@VMAP@@@std@@@std@@@0@0PAV12@AAV?$allocator@VMeshTriangle@VMAP@@@0@U_Nonscalar_ptr_iterator_tag@0@@Z 0040b1e0 f i WorldModel.obj
 0001:0000a220       ??$_Copy_impl@PAVVector3@G3D@@PAV12@@std@@YAPAVVector3@G3D@@PAV12@00@Z 0040b220 f i WorldModel.obj
 0001:0000a250       ??$_Copy_impl@PAVMeshTriangle@VMAP@@PAV12@@std@@YAPAVMeshTriangle@VMAP@@PAV12@00@Z 0040b250 f i WorldModel.obj
 0001:0000a280       ??$_Uninit_copy@PAVVector3@G3D@@PAV12@V?$allocator@VVector3@G3D@@@std@@@std@@YAPAVVector3@G3D@@PAV12@00AAV?$allocator@VVector3@G3D@@@0@U_Nonscalar_ptr_iterator_tag@0@@Z 0040b280 f i WorldModel.obj
 0001:0000a280       ??$_Uninit_move@PAVVector3@G3D@@PAV12@V?$allocator@VVector3@G3D@@@std@@V12@@std@@YAPAVVector3@G3D@@PAV12@00AAV?$allocator@VVector3@G3D@@@0@0U_Nonscalar_ptr_iterator_tag@0@@Z 0040b280 f i TileAssembler.obj
 0001:0000a280       ??$_Uninit_copy@PAVMeshTriangle@VMAP@@PAV12@V?$allocator@VMeshTriangle@VMAP@@@std@@@std@@YAPAVMeshTriangle@VMAP@@PAV12@00AAV?$allocator@VMeshTriangle@VMAP@@@0@U_Nonscalar_ptr_iterator_tag@0@@Z 0040b280 f i WorldModel.obj
 0001:0000a280       ??$_Uninit_move@PAVMeshTriangle@VMAP@@PAV12@V?$allocator@VMeshTriangle@VMAP@@@std@@V12@@std@@YAPAVMeshTriangle@VMAP@@PAV12@00AAV?$allocator@VMeshTriangle@VMAP@@@0@0U_Nonscalar_ptr_iterator_tag@0@@Z 0040b280 f i TileAssembler.obj
 0001:0000a2b0       ?getDirContents@MMAP@@YA?AW4ListFilesResult@1@AAV?$vector@V?$basic_string@DU?$char_traits@D@std@@V?$allocator@D@2@@std@@V?$allocator@V?$basic_string@DU?$char_traits@D@std@@V?$allocator@D@2@@std@@@2@@std@@V?$basic_string@DU?$char_traits@D@std@@V?$allocator@D@2@@4@1_N@Z 0040b2b0 f i generator.obj
 0001:0000a4d0       ?checkDirectories@@YA_N_N@Z 0040b4d0 f   generator.obj
 0001:0000a730       ?handleArgs@@YA_NHPAPADAAH11AAMAA_N333333@Z 0040b730 f   generator.obj
 0001:0000aea0       _main                      0040bea0 f   generator.obj
 0001:0000b100       ?push_back@?$vector@V?$basic_string@DU?$char_traits@D@std@@V?$allocator@D@2@@std@@V?$allocator@V?$basic_string@DU?$char_traits@D@std@@V?$allocator@D@2@@std@@@2@@std@@QAEX$$QAV?$basic_string@DU?$char_traits@D@std@@V?$allocator@D@2@@2@@Z 0040c100 f i generator.obj
 0001:0000b1d0       ??1?$vector@V?$basic_string@DU?$char_traits@D@std@@V?$allocator@D@2@@std@@V?$allocator@V?$basic_string@DU?$char_traits@D@std@@V?$allocator@D@2@@std@@@2@@std@@QAE@XZ 0040c1d0 f i generator.obj
 0001:0000b210       ?clear@?$vector@V?$basic_string@DU?$char_traits@D@std@@V?$allocator@D@2@@std@@V?$allocator@V?$basic_string@DU?$char_traits@D@std@@V?$allocator@D@2@@std@@@2@@std@@QAEXXZ 0040c210 f i generator.obj
 0001:0000b240       ?_Reserve@?$vector@V?$basic_string@DU?$char_traits@D@std@@V?$allocator@D@2@@std@@V?$allocator@V?$basic_string@DU?$char_traits@D@std@@V?$allocator@D@2@@std@@@2@@std@@IAEXI@Z 0040c240 f i generator.obj
 0001:0000b2c0       ?reserve@?$vector@V?$basic_string@DU?$char_traits@D@std@@V?$allocator@D@2@@std@@V?$allocator@V?$basic_string@DU?$char_traits@D@std@@V?$allocator@D@2@@std@@@2@@std@@QAEXI@Z 0040c2c0 f i generator.obj
 0001:0000b3d0       ?_Destroy@?$vector@V?$basic_string@DU?$char_traits@D@std@@V?$allocator@D@2@@std@@V?$allocator@V?$basic_string@DU?$char_traits@D@std@@V?$allocator@D@2@@std@@@2@@std@@IAEXPAV?$basic_string@DU?$char_traits@D@std@@V?$allocator@D@2@@2@0@Z 0040c3d0 f i generator.obj
 0001:0000b410       ?allocate@?$allocator@V?$basic_string@DU?$char_traits@D@std@@V?$allocator@D@2@@std@@@std@@QAEPAV?$basic_string@DU?$char_traits@D@std@@V?$allocator@D@2@@2@I@Z 0040c410 f i generator.obj
 0001:0000b470       ??$_Move@PAV?$basic_string@DU?$char_traits@D@std@@V?$allocator@D@2@@std@@PAV12@@std@@YAPAV?$basic_string@DU?$char_traits@D@std@@V?$allocator@D@2@@0@PAV10@00U_Nonscalar_ptr_iterator_tag@0@@Z 0040c470 f i generator.obj
 0001:0000b4f0       ??$_Uninit_move@PAV?$basic_string@DU?$char_traits@D@std@@V?$allocator@D@2@@std@@PAV12@V?$allocator@V?$basic_string@DU?$char_traits@D@std@@V?$allocator@D@2@@std@@@2@V12@@std@@YAPAV?$basic_string@DU?$char_traits@D@std@@V?$allocator@D@2@@0@PAV10@00AAV?$allocator@V?$basic_string@DU?$char_traits@D@std@@V?$allocator@D@2@@std@@@0@0U_Nonscalar_ptr_iterator_tag@0@@Z 0040c4f0 f i generator.obj
 0001:0000b5b0       ?doResetLog@rcContext@@MAEXXZ 0040c5b0 f i MapBuilder.obj
 0001:0000b5b0       ?doResetTimers@rcContext@@MAEXXZ 0040c5b0 f i MapBuilder.obj
 0001:0000b5b0       ??3@YAXPAX0@Z              0040c5b0 f i BIH.obj
 0001:0000b5c0       ?doLog@rcContext@@MAEXW4rcLogCategory@@PBDH@Z 0040c5c0 f i MapBuilder.obj
 0001:0000b5d0       ?doStartTimer@rcContext@@MAEXW4rcTimerLabel@@@Z 0040c5d0 f i MapBuilder.obj
 0001:0000b5d0       ?doStopTimer@rcContext@@MAEXW4rcTimerLabel@@@Z 0040c5d0 f i MapBuilder.obj
 0001:0000b5e0       ?doGetAccumulatedTime@rcContext@@MBEHW4rcTimerLabel@@@Z 0040c5e0 f i MapBuilder.obj
 0001:0000b5f0       ??_ErcContext@@UAEPAXI@Z   0040c5f0 f i  CIL library: CIL module
 0001:0000b5f0       ??_GrcContext@@UAEPAXI@Z   0040c5f0 f i MapBuilder.obj
 0001:0000b620       ?rcVmin@@YAXPAMPBM@Z       0040c620 f i MapBuilder.obj
 0001:0000b6b0       ?rcVmax@@YAXPAMPBM@Z       0040c6b0 f i MapBuilder.obj
 0001:0000b740       ??1IntermediateValues@MMAP@@QAE@XZ 0040c740 f i MapBuilder.obj
 0001:0000b800       ?writeIV@IntermediateValues@MMAP@@QAEXIII@Z 0040c800 f i MapBuilder.obj
 0001:0000bd60       ?debugWrite@IntermediateValues@MMAP@@QAEXPAU_iobuf@@PBUrcHeightfield@@@Z 0040cd60 f i MapBuilder.obj
 0001:0000be60       ?debugWrite@IntermediateValues@MMAP@@QAEXPAU_iobuf@@PBUrcCompactHeightfield@@@Z 0040ce60 f i MapBuilder.obj
 0001:0000bfa0       ?debugWrite@IntermediateValues@MMAP@@QAEXPAU_iobuf@@PBUrcContourSet@@@Z 0040cfa0 f i MapBuilder.obj
 0001:0000c0a0       ?debugWrite@IntermediateValues@MMAP@@QAEXPAU_iobuf@@PBUrcPolyMesh@@@Z 0040d0a0 f i MapBuilder.obj
 0001:0000c150       ??0Tile@MMAP@@QAE@XZ       0040d150 f i MapBuilder.obj
 0001:0000c170       ??1Tile@MMAP@@QAE@XZ       0040d170 f i MapBuilder.obj
 0001:0000c230       ??0MapBuilder@MMAP@@QAE@M_N00000@Z 0040d230 f   MapBuilder.obj
 0001:0000c390       ??1MapBuilder@MMAP@@QAE@XZ 0040d390 f   MapBuilder.obj
 0001:0000c580       ?discoverTiles@MapBuilder@MMAP@@AAEXXZ 0040d580 f   MapBuilder.obj
 0001:0000ce10       ?getTileList@MapBuilder@MMAP@@AAEPAV?$set@IU?$less@I@std@@V?$allocator@I@2@@std@@I@Z 0040de10 f   MapBuilder.obj
 0001:0000cf20       ?buildAll@MapBuilder@MMAP@@QAEXXZ 0040df20 f   MapBuilder.obj
 0001:0000cfa0       ?build@MapBuilder@MMAP@@QAEXI@Z 0040dfa0 f   MapBuilder.obj
 0001:0000d780       ??1MeshData@MMAP@@QAE@XZ   0040e780 f i MapBuilder.obj
 0001:0000d970       ??0MeshData@MMAP@@QAE@ABU01@@Z 0040e970 f i MapBuilder.obj
 0001:0000da40       ?buildTile@MapBuilder@MMAP@@QAEXIII@Z 0040ea40 f   MapBuilder.obj
 0001:0000e000       ?loadVMap@MapBuilder@MMAP@@AAE_NIIIAAUMeshData@2@@Z 0040f000 f   MapBuilder.obj
 0001:0000f590       ?transform@MapBuilder@MMAP@@AAEXV?$vector@VVector3@G3D@@V?$allocator@VVector3@G3D@@@std@@@std@@AAV34@MVMatrix3@G3D@@VVector3@6@@Z 00410590 f   MapBuilder.obj
 0001:0000f6b0       ?copyVertices@MapBuilder@MMAP@@AAEXV?$vector@VVector3@G3D@@V?$allocator@VVector3@G3D@@@std@@@std@@AAV?$Array@M$09$0CA@@G3D@@@Z 004106b0 f   MapBuilder.obj
 0001:0000f820       ?copyIndices@MapBuilder@MMAP@@AAEXV?$vector@VMeshTriangle@VMAP@@V?$allocator@VMeshTriangle@VMAP@@@std@@@std@@AAV?$Array@H$09$0CA@@G3D@@H_N@Z 00410820 f   MapBuilder.obj
 0001:0000faa0       ?copyIndices@MapBuilder@MMAP@@AAEXAAV?$Array@H$09$0CA@@G3D@@V34@H@Z 00410aa0 f   MapBuilder.obj
 0001:0000fba0       ?cleanVertices@MapBuilder@MMAP@@AAEXAAV?$Array@M$09$0CA@@G3D@@AAV?$Array@H$09$0CA@@4@@Z 00410ba0 f   MapBuilder.obj
 0001:0000fed0       ??1?$map@HHU?$less@H@std@@V?$allocator@U?$pair@$$CBHH@std@@@2@@std@@QAE@XZ 00410ed0 f i MapBuilder.obj
 0001:0000fed0       ??1?$map@IPAV?$set@IU?$less@I@std@@V?$allocator@I@2@@std@@U?$less@I@2@V?$allocator@U?$pair@$$CBIPAV?$set@IU?$less@I@std@@V?$allocator@I@2@@std@@@std@@@2@@std@@QAE@XZ 00410ed0 f i MapBuilder.obj
 0001:0000ff30       ?buildNavMesh@MapBuilder@MMAP@@AAEXIAAPAVdtNavMesh@@@Z 00410f30 f   MapBuilder.obj
 0001:000101c0       ?buildMoveMapTile@MapBuilder@MMAP@@AAEXIIIUMeshData@2@QAM1PAVdtNavMesh@@@Z 004111c0 f   MapBuilder.obj
 0001:00011130       ?getTileBounds@MapBuilder@MMAP@@AAEXIIPAMH00@Z 00412130 f   MapBuilder.obj
 0001:000111a0       ?generateObjFile@MapBuilder@MMAP@@AAEXIIIUMeshData@2@@Z 004121a0 f   MapBuilder.obj
 0001:000114c0       ?generateRealObj@MapBuilder@MMAP@@AAEXIIIUMeshData@2@@Z 004124c0 f   MapBuilder.obj
 0001:000117f0       ?shouldSkipMap@MapBuilder@MMAP@@AAE_NI@Z 004127f0 f   MapBuilder.obj
 0001:00011a10       ?shouldSkipTile@MapBuilder@MMAP@@AAE_NIII@Z 00412a10 f   MapBuilder.obj
 0001:00011af0       ??1?$Array@M$09$0CA@@G3D@@QAE@XZ 00412af0 f i MapBuilder.obj
 0001:00011af0       ??1?$Array@H$09$0CA@@G3D@@QAE@XZ 00412af0 f i MapBuilder.obj
 0001:00011b80       ?append@?$Array@M$09$0CA@@G3D@@QAEXABM00@Z 00412b80 f i MapBuilder.obj
 0001:00011c80       ?append@?$Array@M$09$0CA@@G3D@@QAEXABV12@@Z 00412c80 f i MapBuilder.obj
 0001:00011d20       ??0?$Array@E$09$0CA@@G3D@@QAE@XZ 00412d20 f i MapBuilder.obj
 0001:00011d20       ??0?$Array@M$09$0CA@@G3D@@QAE@XZ 00412d20 f i MapBuilder.obj
 0001:00011d20       ??0?$Array@H$09$0CA@@G3D@@QAE@XZ 00412d20 f i MapBuilder.obj
 0001:00011e00       ?append@?$Array@H$09$0CA@@G3D@@QAEXABH@Z 00412e00 f i MapBuilder.obj
 0001:00011e70       ?append@?$Array@H$09$0CA@@G3D@@QAEXABH00@Z 00412e70 f i MapBuilder.obj
 0001:00011f70       ?append@?$Array@E$09$0CA@@G3D@@QAEXABE@Z 00412f70 f i MapBuilder.obj
 0001:00011fe0       ?push_back@?$vector@VVector3@G3D@@V?$allocator@VVector3@G3D@@@std@@@std@@QAEXABVVector3@G3D@@@Z 00412fe0 f i MapBuilder.obj
 0001:00012070       ?find@?$_Tree@V?$_Tmap_traits@IPAV?$set@IU?$less@I@std@@V?$allocator@I@2@@std@@U?$less@I@2@V?$allocator@U?$pair@$$CBIPAV?$set@IU?$less@I@std@@V?$allocator@I@2@@std@@@std@@@2@$0A@@std@@@std@@QAE?AV?$_Tree_iterator@V?$_Tree_val@V?$_Tmap_traits@IPAV?$set@IU?$less@I@std@@V?$allocator@I@2@@std@@U?$less@I@2@V?$allocator@U?$pair@$$CBIPAV?$set@IU?$less@I@std@@V?$allocator@I@2@@std@@@std@@@2@$0A@@std@@@std@@@2@ABI@Z 00413070 f i MapBuilder.obj
 0001:000120d0       ?clear@?$_Tree@V?$_Tset_traits@IU?$less@I@std@@V?$allocator@I@2@$0A@@std@@@std@@QAEXXZ 004130d0 f i MapBuilder.obj
 0001:00012120       ?clear@?$_Tree@V?$_Tmap_traits@IPAV?$set@IU?$less@I@std@@V?$allocator@I@2@@std@@U?$less@I@2@V?$allocator@U?$pair@$$CBIPAV?$set@IU?$less@I@std@@V?$allocator@I@2@@std@@@std@@@2@$0A@@std@@@std@@QAEXXZ 00413120 f i MapBuilder.obj
 0001:00012120       ?clear@?$_Tree@V?$_Tmap_traits@HHU?$less@H@std@@V?$allocator@U?$pair@$$CBHH@std@@@2@$0A@@std@@@std@@QAEXXZ 00413120 f i MapBuilder.obj
 0001:00012170       ?find@?$basic_string@DU?$char_traits@D@std@@V?$allocator@D@2@@std@@QBEIPBDII@Z 00413170 f i MapBuilder.obj
 0001:00012220       ?init@?$Array@M$09$0CA@@G3D@@AAEXHABV?$ReferenceCountedPointer@VMemoryManager@G3D@@@2@@Z 00413220 f i MapBuilder.obj
 0001:000122a0       ?_copy@?$Array@M$09$0CA@@G3D@@AAEXABV12@@Z 004132a0 f i MapBuilder.obj
 0001:00012350       ?resize@?$Array@M$09$0CA@@G3D@@QAEXH_N@Z 00413350 f i MapBuilder.obj
 0001:00012430       ?init@?$Array@H$09$0CA@@G3D@@AAEXHABV?$ReferenceCountedPointer@VMemoryManager@G3D@@@2@@Z 00413430 f i MapBuilder.obj
 0001:000124b0       ?_copy@?$Array@H$09$0CA@@G3D@@AAEXABV12@@Z 004134b0 f i MapBuilder.obj
 0001:00012560       ?resize@?$Array@H$09$0CA@@G3D@@QAEXH_N@Z 00413560 f i MapBuilder.obj
 0001:00012640       ?init@?$Array@E$09$0CA@@G3D@@AAEXHABV?$ReferenceCountedPointer@VMemoryManager@G3D@@@2@@Z 00413640 f i MapBuilder.obj
 0001:000126c0       ?_copy@?$Array@E$09$0CA@@G3D@@AAEXABV12@@Z 004136c0 f i MapBuilder.obj
 0001:00012770       ?resize@?$Array@E$09$0CA@@G3D@@QAEXH_N@Z 00413770 f i MapBuilder.obj
 0001:00012850       ?_Erase@?$_Tree@V?$_Tset_traits@IU?$less@I@std@@V?$allocator@I@2@$0A@@std@@@std@@IAEXPAU_Node@?$_Tree_nod@V?$_Tset_traits@IU?$less@I@std@@V?$allocator@I@2@$0A@@std@@@2@@Z 00413850 f i MapBuilder.obj
 0001:00012890       ??1?$_Tree_val@V?$_Tmap_traits@IPAV?$set@IU?$less@I@std@@V?$allocator@I@2@@std@@U?$less@I@2@V?$allocator@U?$pair@$$CBIPAV?$set@IU?$less@I@std@@V?$allocator@I@2@@std@@@std@@@2@$0A@@std@@@std@@QAE@XZ 00413890 f i MapBuilder.obj
 0001:00012890       ??1?$_Tree_val@V?$_Tset_traits@IU?$less@I@std@@V?$allocator@I@2@$0A@@std@@@std@@QAE@XZ 00413890 f i MapBuilder.obj
 0001:00012890       ??1?$_Tree_val@V?$_Tmap_traits@HHU?$less@H@std@@V?$allocator@U?$pair@$$CBHH@std@@@2@$0A@@std@@@std@@QAE@XZ 00413890 f i MapBuilder.obj
 0001:000128a0       ??E?$_Tree_unchecked_const_iterator@V?$_Tree_val@V?$_Tset_traits@IU?$less@I@std@@V?$allocator@I@2@$0A@@std@@@std@@U_Iterator_base0@2@@std@@QAEAAV01@XZ 004138a0 f i MapBuilder.obj
 0001:000128f0       ?_Erase@?$_Tree@V?$_Tmap_traits@IPAV?$set@IU?$less@I@std@@V?$allocator@I@2@@std@@U?$less@I@2@V?$allocator@U?$pair@$$CBIPAV?$set@IU?$less@I@std@@V?$allocator@I@2@@std@@@std@@@2@$0A@@std@@@std@@IAEXPAU_Node@?$_Tree_nod@V?$_Tmap_traits@IPAV?$set@IU?$less@I@std@@V?$allocator@I@2@@std@@U?$less@I@2@V?$allocator@U?$pair@$$CBIPAV?$set@IU?$less@I@std@@V?$allocator@I@2@@std@@@std@@@2@$0A@@std@@@2@@Z 004138f0 f i MapBuilder.obj
 0001:000128f0       ?_Erase@?$_Tree@V?$_Tmap_traits@HHU?$less@H@std@@V?$allocator@U?$pair@$$CBHH@std@@@2@$0A@@std@@@std@@IAEXPAU_Node@?$_Tree_nod@V?$_Tmap_traits@HHU?$less@H@std@@V?$allocator@U?$pair@$$CBHH@std@@@2@$0A@@std@@@2@@Z 004138f0 f i MapBuilder.obj
 0001:00012930       ?realloc@?$Array@M$09$0CA@@G3D@@AAEXH@Z 00413930 f i MapBuilder.obj
 0001:00012ad0       ?append@?$Array@M$09$0CA@@G3D@@QAEXABM@Z 00413ad0 f i MapBuilder.obj
 0001:00012b40       ?realloc@?$Array@H$09$0CA@@G3D@@AAEXH@Z 00413b40 f i MapBuilder.obj
 0001:00012c90       ?realloc@?$Array@E$09$0CA@@G3D@@AAEXH@Z 00413c90 f i MapBuilder.obj
 0001:00012de0       ?erase@?$_Tree@V?$_Tset_traits@IU?$less@I@std@@V?$allocator@I@2@$0A@@std@@@std@@QAE?AV?$_Tree_const_iterator@V?$_Tree_val@V?$_Tset_traits@IU?$less@I@std@@V?$allocator@I@2@$0A@@std@@@std@@@2@V32@0@Z 00413de0 f i MapBuilder.obj
 0001:00012e80       ?reserve@?$vector@IV?$allocator@I@std@@@std@@QAEXI@Z 00413e80 f i BIH.obj
 0001:00012e80       ?reserve@?$vector@HV?$allocator@H@std@@@std@@QAEXI@Z 00413e80 f i MapBuilder.obj
 0001:00012f00       ?erase@?$_Tree@V?$_Tmap_traits@IPAV?$set@IU?$less@I@std@@V?$allocator@I@2@@std@@U?$less@I@2@V?$allocator@U?$pair@$$CBIPAV?$set@IU?$less@I@std@@V?$allocator@I@2@@std@@@std@@@2@$0A@@std@@@std@@QAE?AV?$_Tree_iterator@V?$_Tree_val@V?$_Tmap_traits@IPAV?$set@IU?$less@I@std@@V?$allocator@I@2@@std@@U?$less@I@2@V?$allocator@U?$pair@$$CBIPAV?$set@IU?$less@I@std@@V?$allocator@I@2@@std@@@std@@@2@$0A@@std@@@std@@@2@V?$_Tree_const_iterator@V?$_Tree_val@V?$_Tmap_traits@IPAV?$set@IU?$less@I@std@@V?$allocator@I@2@@std@@U?$less@I@2@V?$allocator@U?$pair@$$CBIPAV?$set@IU?$less@I@std@@V?$allocator@I@2@@std@@@std@@@2@$0A@@std@@@std@@@2@0@Z 00413f00 f i MapBuilder.obj
 0001:00012f00       ?erase@?$_Tree@V?$_Tmap_traits@HHU?$less@H@std@@V?$allocator@U?$pair@$$CBHH@std@@@2@$0A@@std@@@std@@QAE?AV?$_Tree_iterator@V?$_Tree_val@V?$_Tmap_traits@HHU?$less@H@std@@V?$allocator@U?$pair@$$CBHH@std@@@2@$0A@@std@@@std@@@2@V?$_Tree_const_iterator@V?$_Tree_val@V?$_Tmap_traits@HHU?$less@H@std@@V?$allocator@U?$pair@$$CBHH@std@@@2@$0A@@std@@@std@@@2@0@Z 00413f00 f i MapBuilder.obj
 0001:00012fa0       ??E?$_Tree_unchecked_const_iterator@V?$_Tree_val@V?$_Tmap_traits@IPAV?$set@IU?$less@I@std@@V?$allocator@I@2@@std@@U?$less@I@2@V?$allocator@U?$pair@$$CBIPAV?$set@IU?$less@I@std@@V?$allocator@I@2@@std@@@std@@@2@$0A@@std@@@std@@U_Iterator_base0@2@@std@@QAEAAV01@XZ 00413fa0 f i MapBuilder.obj
 0001:00012fa0       ??E?$_Tree_unchecked_const_iterator@V?$_Tree_val@V?$_Tmap_traits@HHU?$less@H@std@@V?$allocator@U?$pair@$$CBHH@std@@@2@$0A@@std@@@std@@U_Iterator_base0@2@@std@@QAEAAV01@XZ 00413fa0 f i MapBuilder.obj
 0001:00012ff0       ?erase@?$_Tree@V?$_Tset_traits@IU?$less@I@std@@V?$allocator@I@2@$0A@@std@@@std@@QAE?AV?$_Tree_const_iterator@V?$_Tree_val@V?$_Tset_traits@IU?$less@I@std@@V?$allocator@I@2@$0A@@std@@@std@@@2@V32@@Z 00413ff0 f i MapBuilder.obj
 0001:00013250       ?erase@?$_Tree@V?$_Tmap_traits@HHU?$less@H@std@@V?$allocator@U?$pair@$$CBHH@std@@@2@$0A@@std@@@std@@QAE?AV?$_Tree_iterator@V?$_Tree_val@V?$_Tmap_traits@HHU?$less@H@std@@V?$allocator@U?$pair@$$CBHH@std@@@2@$0A@@std@@@std@@@2@V?$_Tree_const_iterator@V?$_Tree_val@V?$_Tmap_traits@HHU?$less@H@std@@V?$allocator@U?$pair@$$CBHH@std@@@2@$0A@@std@@@std@@@2@@Z 00414250 f i MapBuilder.obj
 0001:00013250       ?erase@?$_Tree@V?$_Tmap_traits@IPAV?$set@IU?$less@I@std@@V?$allocator@I@2@@std@@U?$less@I@2@V?$allocator@U?$pair@$$CBIPAV?$set@IU?$less@I@std@@V?$allocator@I@2@@std@@@std@@@2@$0A@@std@@@std@@QAE?AV?$_Tree_iterator@V?$_Tree_val@V?$_Tmap_traits@IPAV?$set@IU?$less@I@std@@V?$allocator@I@2@@std@@U?$less@I@2@V?$allocator@U?$pair@$$CBIPAV?$set@IU?$less@I@std@@V?$allocator@I@2@@std@@@std@@@2@$0A@@std@@@std@@@2@V?$_Tree_const_iterator@V?$_Tree_val@V?$_Tmap_traits@IPAV?$set@IU?$less@I@std@@V?$allocator@I@2@@std@@U?$less@I@2@V?$allocator@U?$pair@$$CBIPAV?$set@IU?$less@I@std@@V?$allocator@I@2@@std@@@std@@@2@$0A@@std@@@std@@@2@@Z 00414250 f i MapBuilder.obj
 0001:000134b0       ?_Lrotate@?$_Tree@V?$_Tmap_traits@HHU?$less@H@std@@V?$allocator@U?$pair@$$CBHH@std@@@2@$0A@@std@@@std@@IAEXPAU_Node@?$_Tree_nod@V?$_Tmap_traits@HHU?$less@H@std@@V?$allocator@U?$pair@$$CBHH@std@@@2@$0A@@std@@@2@@Z 004144b0 f i MapBuilder.obj
 0001:000134b0       ?_Lrotate@?$_Tree@V?$_Tmap_traits@IPAV?$set@IU?$less@I@std@@V?$allocator@I@2@@std@@U?$less@I@2@V?$allocator@U?$pair@$$CBIPAV?$set@IU?$less@I@std@@V?$allocator@I@2@@std@@@std@@@2@$0A@@std@@@std@@IAEXPAU_Node@?$_Tree_nod@V?$_Tmap_traits@IPAV?$set@IU?$less@I@std@@V?$allocator@I@2@@std@@U?$less@I@2@V?$allocator@U?$pair@$$CBIPAV?$set@IU?$less@I@std@@V?$allocator@I@2@@std@@@std@@@2@$0A@@std@@@2@@Z 004144b0 f i MapBuilder.obj
 0001:00013510       ?_Rrotate@?$_Tree@V?$_Tmap_traits@HHU?$less@H@std@@V?$allocator@U?$pair@$$CBHH@std@@@2@$0A@@std@@@std@@IAEXPAU_Node@?$_Tree_nod@V?$_Tmap_traits@HHU?$less@H@std@@V?$allocator@U?$pair@$$CBHH@std@@@2@$0A@@std@@@2@@Z 00414510 f i MapBuilder.obj
 0001:00013510       ?_Rrotate@?$_Tree@V?$_Tmap_traits@IPAV?$set@IU?$less@I@std@@V?$allocator@I@2@@std@@U?$less@I@2@V?$allocator@U?$pair@$$CBIPAV?$set@IU?$less@I@std@@V?$allocator@I@2@@std@@@std@@@2@$0A@@std@@@std@@IAEXPAU_Node@?$_Tree_nod@V?$_Tmap_traits@IPAV?$set@IU?$less@I@std@@V?$allocator@I@2@@std@@U?$less@I@2@V?$allocator@U?$pair@$$CBIPAV?$set@IU?$less@I@std@@V?$allocator@I@2@@std@@@std@@@2@$0A@@std@@@2@@Z 00414510 f i MapBuilder.obj
 0001:00013570       ?_Max@?$_Tree_val@V?$_Tmap_traits@IPAV?$set@IU?$less@I@std@@V?$allocator@I@2@@std@@U?$less@I@2@V?$allocator@U?$pair@$$CBIPAV?$set@IU?$less@I@std@@V?$allocator@I@2@@std@@@std@@@2@$0A@@std@@@std@@SAPAU_Node@?$_Tree_nod@V?$_Tmap_traits@IPAV?$set@IU?$less@I@std@@V?$allocator@I@2@@std@@U?$less@I@2@V?$allocator@U?$pair@$$CBIPAV?$set@IU?$less@I@std@@V?$allocator@I@2@@std@@@std@@@2@$0A@@std@@@2@PAU342@@Z 00414570 f i MapBuilder.obj
 0001:00013570       ?_Max@?$_Tree_val@V?$_Tmap_traits@HHU?$less@H@std@@V?$allocator@U?$pair@$$CBHH@std@@@2@$0A@@std@@@std@@SAPAU_Node@?$_Tree_nod@V?$_Tmap_traits@HHU?$less@H@std@@V?$allocator@U?$pair@$$CBHH@std@@@2@$0A@@std@@@2@PAU342@@Z 00414570 f i MapBuilder.obj
 0001:00013590       ?_Lrotate@?$_Tree@V?$_Tset_traits@IU?$less@I@std@@V?$allocator@I@2@$0A@@std@@@std@@IAEXPAU_Node@?$_Tree_nod@V?$_Tset_traits@IU?$less@I@std@@V?$allocator@I@2@$0A@@std@@@2@@Z 00414590 f i MapBuilder.obj
 0001:000135f0       ?_Rrotate@?$_Tree@V?$_Tset_traits@IU?$less@I@std@@V?$allocator@I@2@$0A@@std@@@std@@IAEXPAU_Node@?$_Tree_nod@V?$_Tset_traits@IU?$less@I@std@@V?$allocator@I@2@$0A@@std@@@2@@Z 004145f0 f i MapBuilder.obj
 0001:00013650       ?_Max@?$_Tree_val@V?$_Tset_traits@IU?$less@I@std@@V?$allocator@I@2@$0A@@std@@@std@@SAPAU_Node@?$_Tree_nod@V?$_Tset_traits@IU?$less@I@std@@V?$allocator@I@2@$0A@@std@@@2@PAU342@@Z 00414650 f i MapBuilder.obj
[...]
 0001:0002ff8d       __ehhandler$?InitMap@StaticMapTree@VMAP@@QAE_NABV?$basic_string@DU?$char_traits@D@std@@V?$allocator@D@2@@std@@PAVVMapManager2@2@@Z 00430f8d f    CIL library: CIL module
 0001:0002ffc0       __unwindfunclet$?CanLoadMap@StaticMapTree@VMAP@@SA_NABV?$basic_string@DU?$char_traits@D@std@@V?$allocator@D@2@@std@@III@Z$0 00430fc0 f    CIL library: CIL module
 0001:0002ffc8       __unwindfunclet$?CanLoadMap@StaticMapTree@VMAP@@SA_NABV?$basic_string@DU?$char_traits@D@std@@V?$allocator@D@2@@std@@III@Z$1 00430fc8 f    CIL library: CIL module
 0001:0002ffd0       __unwindfunclet$?CanLoadMap@StaticMapTree@VMAP@@SA_NABV?$basic_string@DU?$char_traits@D@std@@V?$allocator@D@2@@std@@III@Z$2 00430fd0 f    CIL library: CIL module
 0001:0002ffd8       __unwindfunclet$?CanLoadMap@StaticMapTree@VMAP@@SA_NABV?$basic_string@DU?$char_traits@D@std@@V?$allocator@D@2@@std@@III@Z$3 00430fd8 f    CIL library: CIL module
 0001:0002ffe3       __ehhandler$?CanLoadMap@StaticMapTree@VMAP@@SA_NABV?$basic_string@DU?$char_traits@D@std@@V?$allocator@D@2@@std@@III@Z 00430fe3 f    CIL library: CIL module
 0001:00030010       __unwindfunclet$?rcBuildPolyMeshDetail@@YA_NPAVrcContext@@ABUrcPolyMesh@@ABUrcCompactHeightfield@@MMAAUrcPolyMeshDetail@@@Z$0 00431010 f    CIL library: CIL module
 0001:0003001b       __unwindfunclet$?rcBuildPolyMeshDetail@@YA_NPAVrcContext@@ABUrcPolyMesh@@ABUrcCompactHeightfield@@MMAAUrcPolyMeshDetail@@@Z$1 0043101b f    CIL library: CIL module
 0001:00030026       __unwindfunclet$?rcBuildPolyMeshDetail@@YA_NPAVrcContext@@ABUrcPolyMesh@@ABUrcCompactHeightfield@@MMAAUrcPolyMeshDetail@@@Z$2 00431026 f    CIL library: CIL module
 0001:00030031       __unwindfunclet$?rcBuildPolyMeshDetail@@YA_NPAVrcContext@@ABUrcPolyMesh@@ABUrcCompactHeightfield@@MMAAUrcPolyMeshDetail@@@Z$3 00431031 f    CIL library: CIL module
 0001:0003003c       __unwindfunclet$?rcBuildPolyMeshDetail@@YA_NPAVrcContext@@ABUrcPolyMesh@@ABUrcCompactHeightfield@@MMAAUrcPolyMeshDetail@@@Z$4 0043103c f    CIL library: CIL module
 0001:00030047       __unwindfunclet$?rcBuildPolyMeshDetail@@YA_NPAVrcContext@@ABUrcPolyMesh@@ABUrcCompactHeightfield@@MMAAUrcPolyMeshDetail@@@Z$5 00431047 f    CIL library: CIL module
 0001:00030052       __unwindfunclet$?rcBuildPolyMeshDetail@@YA_NPAVrcContext@@ABUrcPolyMesh@@ABUrcCompactHeightfield@@MMAAUrcPolyMeshDetail@@@Z$6 00431052 f    CIL library: CIL module
 0001:0003005d       __ehhandler$?rcBuildPolyMeshDetail@@YA_NPAVrcContext@@ABUrcPolyMesh@@ABUrcCompactHeightfield@@MMAAUrcPolyMeshDetail@@@Z 0043105d f    CIL library: CIL module
 0001:00030090       __unwindfunclet$?_copy@?$Array@E$09$0CA@@G3D@@AAEXABV12@@Z$0 00431090 f    CIL library: CIL module
 0001:00030090       __unwindfunclet$?_copy@?$Array@H$09$0CA@@G3D@@AAEXABV12@@Z$0 00431090 f    CIL library: CIL module
 0001:00030090       __unwindfunclet$?_copy@?$Array@M$09$0CA@@G3D@@AAEXABV12@@Z$0 00431090 f    CIL library: CIL module
 0001:00030098       __ehhandler$?_copy@?$Array@E$09$0CA@@G3D@@AAEXABV12@@Z 00431098 f    CIL library: CIL module
 0001:00030098       __ehhandler$?_copy@?$Array@H$09$0CA@@G3D@@AAEXABV12@@Z 00431098 f    CIL library: CIL module
 0001:00030098       __ehhandler$?_copy@?$Array@M$09$0CA@@G3D@@AAEXABV12@@Z 00431098 f    CIL library: CIL module
 0001:000300c0       __unwindfunclet$?generateRealObj@MapBuilder@MMAP@@AAEXIIIUMeshData@2@@Z$0 004310c0 f    CIL library: CIL module
 0001:000300ca       __unwindfunclet$?generateRealObj@MapBuilder@MMAP@@AAEXIIIUMeshData@2@@Z$1 004310ca f    CIL library: CIL module
 0001:000300d7       __unwindfunclet$?generateRealObj@MapBuilder@MMAP@@AAEXIIIUMeshData@2@@Z$2 004310d7 f    CIL library: CIL module
 0001:000300e4       __unwindfunclet$?generateRealObj@MapBuilder@MMAP@@AAEXIIIUMeshData@2@@Z$4 004310e4 f    CIL library: CIL module
 0001:000300f2       __unwindfunclet$?generateRealObj@MapBuilder@MMAP@@AAEXIIIUMeshData@2@@Z$5 004310f2 f    CIL library: CIL module
 0001:000300fd       __unwindfunclet$?generateRealObj@MapBuilder@MMAP@@AAEXIIIUMeshData@2@@Z$6 004310fd f    CIL library: CIL module
 0001:00030108       __ehhandler$?generateRealObj@MapBuilder@MMAP@@AAEXIIIUMeshData@2@@Z 00431108 f    CIL library: CIL module
 0001:00030130       __unwindfunclet$?cleanVertices@MapBuilder@MMAP@@AAEXAAV?$Array@M$09$0CA@@G3D@@AAV?$Array@H$09$0CA@@4@@Z$0 00431130 f    CIL library: CIL module
 0001:0003013a       __unwindfunclet$?cleanVertices@MapBuilder@MMAP@@AAEXAAV?$Array@M$09$0CA@@G3D@@AAV?$Array@H$09$0CA@@4@@Z$1 0043113a f    CIL library: CIL module
 0001:00030144       __unwindfunclet$?cleanVertices@MapBuilder@MMAP@@AAEXAAV?$Array@M$09$0CA@@G3D@@AAV?$Array@H$09$0CA@@4@@Z$4 00431144 f    CIL library: CIL module
 0001:0003014c       __unwindfunclet$?cleanVertices@MapBuilder@MMAP@@AAEXAAV?$Array@M$09$0CA@@G3D@@AAV?$Array@H$09$0CA@@4@@Z$6 0043114c f    CIL library: CIL module
 0001:00030154       __ehhandler$?cleanVertices@MapBuilder@MMAP@@AAEXAAV?$Array@M$09$0CA@@G3D@@AAV?$Array@H$09$0CA@@4@@Z 00431154 f    CIL library: CIL module
 0001:00030170       __unwindfunclet$?copyVertices@MapBuilder@MMAP@@AAEXV?$vector@VVector3@G3D@@V?$allocator@VVector3@G3D@@@std@@@std@@AAV?$Array@M$09$0CA@@G3D@@@Z$0 00431170 f    CIL library: CIL module
 0001:00030170       __unwindfunclet$?copyIndices@MapBuilder@MMAP@@AAEXV?$vector@VMeshTriangle@VMAP@@V?$allocator@VMeshTriangle@VMAP@@@std@@@std@@AAV?$Array@H$09$0CA@@G3D@@H_N@Z$0 00431170 f    CIL library: CIL module
 0001:00030178       __ehhandler$?copyVertices@MapBuilder@MMAP@@AAEXV?$vector@VVector3@G3D@@V?$allocator@VVector3@G3D@@@std@@@std@@AAV?$Array@M$09$0CA@@G3D@@@Z 00431178 f    CIL library: CIL module
 0001:00030178       __ehhandler$?copyIndices@MapBuilder@MMAP@@AAEXV?$vector@VMeshTriangle@VMAP@@V?$allocator@VMeshTriangle@VMAP@@@std@@@std@@AAV?$Array@H$09$0CA@@G3D@@H_N@Z 00431178 f    CIL library: CIL module
 0001:000301a0       __unwindfunclet$?loadVMap@MapBuilder@MMAP@@AAE_NIIIAAUMeshData@2@@Z$0 004311a0 f    CIL library: CIL module
 0001:000301ab       __unwindfunclet$?loadVMap@MapBuilder@MMAP@@AAE_NIIIAAUMeshData@2@@Z$12 004311ab f    CIL library: CIL module
 0001:000301b6       __unwindfunclet$?loadVMap@MapBuilder@MMAP@@AAE_NIIIAAUMeshData@2@@Z$1 004311b6 f    CIL library: CIL module
 0001:000301c1       __unwindfunclet$?loadVMap@MapBuilder@MMAP@@AAE_NIIIAAUMeshData@2@@Z$2 004311c1 f    CIL library: CIL module
 0001:000301cc       __unwindfunclet$?loadVMap@MapBuilder@MMAP@@AAE_NIIIAAUMeshData@2@@Z$3 004311cc f    CIL library: CIL module
 0001:000301d7       __unwindfunclet$?loadVMap@MapBuilder@MMAP@@AAE_NIIIAAUMeshData@2@@Z$4 004311d7 f    CIL library: CIL module
 0001:000301e2       __unwindfunclet$?loadVMap@MapBuilder@MMAP@@AAE_NIIIAAUMeshData@2@@Z$5 004311e2 f    CIL library: CIL module
 0001:000301ed       __unwindfunclet$?loadVMap@MapBuilder@MMAP@@AAE_NIIIAAUMeshData@2@@Z$9 004311ed f    CIL library: CIL module
 0001:000301f8       __unwindfunclet$?loadVMap@MapBuilder@MMAP@@AAE_NIIIAAUMeshData@2@@Z$10 004311f8 f    CIL library: CIL module
 0001:00030203       __ehhandler$?loadVMap@MapBuilder@MMAP@@AAE_NIIIAAUMeshData@2@@Z 00431203 f    CIL library: CIL module
 0001:00030230       __unwindfunclet$??0MeshData@MMAP@@QAE@ABU01@@Z$5 00431230 f    CIL library: CIL module
 0001:0003023b       __unwindfunclet$??0MeshData@MMAP@@QAE@ABU01@@Z$0 0043123b f    CIL library: CIL module
 0001:00030245       __unwindfunclet$??0MeshData@MMAP@@QAE@ABU01@@Z$6 00431245 f    CIL library: CIL module
 0001:00030250       __unwindfunclet$??0MeshData@MMAP@@QAE@ABU01@@Z$1 00431250 f    CIL library: CIL module
 0001:0003025d       __unwindfunclet$??0MeshData@MMAP@@QAE@ABU01@@Z$7 0043125d f    CIL library: CIL module
 0001:00030268       __unwindfunclet$??0MeshData@MMAP@@QAE@ABU01@@Z$2 00431268 f    CIL library: CIL module
 0001:00030275       __unwindfunclet$??0MeshData@MMAP@@QAE@ABU01@@Z$8 00431275 f    CIL library: CIL module
 0001:00030280       __unwindfunclet$??0MeshData@MMAP@@QAE@ABU01@@Z$3 00431280 f    CIL library: CIL module
 0001:0003028d       __unwindfunclet$??0MeshData@MMAP@@QAE@ABU01@@Z$9 0043128d f    CIL library: CIL module
 0001:00030298       __ehhandler$??0MeshData@MMAP@@QAE@ABU01@@Z 00431298 f    CIL library: CIL module
 0001:000302c0       __unwindfunclet$?discoverTiles@MapBuilder@MMAP@@AAEXXZ$0 004312c0 f    CIL library: CIL module
 0001:000302c8       __unwindfunclet$?discoverTiles@MapBuilder@MMAP@@AAEXXZ$1 004312c8 f    CIL library: CIL module
 0001:000302d0       __unwindfunclet$?discoverTiles@MapBuilder@MMAP@@AAEXXZ$4 004312d0 f    CIL library: CIL module
 0001:000302dc       __unwindfunclet$?discoverTiles@MapBuilder@MMAP@@AAEXXZ$5 004312dc f    CIL library: CIL module
 0001:000302e4       __unwindfunclet$?discoverTiles@MapBuilder@MMAP@@AAEXXZ$8 004312e4 f    CIL library: CIL module
 0001:000302f0       __unwindfunclet$?discoverTiles@MapBuilder@MMAP@@AAEXXZ$9 004312f0 f    CIL library: CIL module
 0001:000302f8       __unwindfunclet$?discoverTiles@MapBuilder@MMAP@@AAEXXZ$13 004312f8 f    CIL library: CIL module
 0001:00030300       __ehhandler$?discoverTiles@MapBuilder@MMAP@@AAEXXZ 00431300 f    CIL library: CIL module
 0001:00030330       __unwindfunclet$??0MapBuilder@MMAP@@QAE@M_N00000@Z$0 00431330 f    CIL library: CIL module
 0001:0003033d       __unwindfunclet$??0MapBuilder@MMAP@@QAE@M_N00000@Z$1 0043133d f    CIL library: CIL module
 0001:00030349       __unwindfunclet$??0MapBuilder@MMAP@@QAE@M_N00000@Z$6 00431349 f    CIL library: CIL module
 0001:00030351       __unwindfunclet$??0MapBuilder@MMAP@@QAE@M_N00000@Z$7 00431351 f    CIL library: CIL module
 0001:0003035c       __ehhandler$??0MapBuilder@MMAP@@QAE@M_N00000@Z 0043135c f    CIL library: CIL module
 0001:00030380       __unwindfunclet$?checkDirectories@@YA_N_N@Z$0 00431380 f    CIL library: CIL module
 0001:00030388       __unwindfunclet$?checkDirectories@@YA_N_N@Z$1 00431388 f    CIL library: CIL module
 0001:00030390       __unwindfunclet$?checkDirectories@@YA_N_N@Z$3 00431390 f    CIL library: CIL module
 0001:00030398       __unwindfunclet$?checkDirectories@@YA_N_N@Z$5 00431398 f    CIL library: CIL module
 0001:000303a0       __unwindfunclet$?checkDirectories@@YA_N_N@Z$7 004313a0 f    CIL library: CIL module
 0001:000303a8       __ehhandler$?checkDirectories@@YA_N_N@Z 004313a8 f    CIL library: CIL module
 0001:000303d0       __unwindfunclet$?_loadMap@VMapManager2@VMAP@@IAE_NIABV?$basic_string@DU?$char_traits@D@std@@V?$allocator@D@2@@std@@II@Z$0 004313d0 f    CIL library: CIL module
 0001:000303d8       __unwindfunclet$?_loadMap@VMapManager2@VMAP@@IAE_NIABV?$basic_string@DU?$char_traits@D@std@@V?$allocator@D@2@@std@@II@Z$1 004313d8 f    CIL library: CIL module
 0001:000303e4       __ehhandler$?_loadMap@VMapManager2@VMAP@@IAE_NIABV?$basic_string@DU?$char_traits@D@std@@V?$allocator@D@2@@std@@II@Z 004313e4 f    CIL library: CIL module
 0001:00030410       __unwindfunclet$?loadMap@VMapManager2@VMAP@@UAE?AW4VMAPLoadResult@2@PBDIHH@Z$0 00431410 f    CIL library: CIL module
 0001:00030418       __ehhandler$?loadMap@VMapManager2@VMAP@@UAE?AW4VMAPLoadResult@2@PBDIHH@Z 00431418 f    CIL library: CIL module
 0001:00030440       __unwindfunclet$?removeVertex@@YA_NPAVrcContext@@AAUrcPolyMesh@@GH@Z$0 00431440 f    CIL library: CIL module
 0001:00030448       __unwindfunclet$?removeVertex@@YA_NPAVrcContext@@AAUrcPolyMesh@@GH@Z$1 00431448 f    CIL library: CIL module
 0001:00030450       __unwindfunclet$?removeVertex@@YA_NPAVrcContext@@AAUrcPolyMesh@@GH@Z$2 00431450 f    CIL library: CIL module
 0001:00030458       __unwindfunclet$?removeVertex@@YA_NPAVrcContext@@AAUrcPolyMesh@@GH@Z$3 00431458 f    CIL library: CIL module
 0001:00030460       __unwindfunclet$?removeVertex@@YA_NPAVrcContext@@AAUrcPolyMesh@@GH@Z$4 00431460 f    CIL library: CIL module
 0001:00030468       __unwindfunclet$?removeVertex@@YA_NPAVrcContext@@AAUrcPolyMesh@@GH@Z$5 00431468 f    CIL library: CIL module
 0001:00030470       __unwindfunclet$?removeVertex@@YA_NPAVrcContext@@AAUrcPolyMesh@@GH@Z$6 00431470 f    CIL library: CIL module
 0001:00030478       __unwindfunclet$?removeVertex@@YA_NPAVrcContext@@AAUrcPolyMesh@@GH@Z$7 00431478 f    CIL library: CIL module
 0001:00030480       __unwindfunclet$?removeVertex@@YA_NPAVrcContext@@AAUrcPolyMesh@@GH@Z$8 00431480 f    CIL library: CIL module
 0001:00030488       __unwindfunclet$?removeVertex@@YA_NPAVrcContext@@AAUrcPolyMesh@@GH@Z$9 00431488 f    CIL library: CIL module
 0001:00030490       __ehhandler$?removeVertex@@YA_NPAVrcContext@@AAUrcPolyMesh@@GH@Z 00431490 f    CIL library: CIL module
 0001:000304b0       __unwindfunclet$?loadMap@TerrainBuilder@MMAP@@AAE_NIIIAAUMeshData@2@W4Spot@2@@Z$0 004314b0 f    CIL library: CIL module
 0001:000304bd       __unwindfunclet$?loadMap@TerrainBuilder@MMAP@@AAE_NIIIAAUMeshData@2@W4Spot@2@@Z$1 004314bd f    CIL library: CIL module
 0001:000304ca       __unwindfunclet$?loadMap@TerrainBuilder@MMAP@@AAE_NIIIAAUMeshData@2@W4Spot@2@@Z$2 004314ca f    CIL library: CIL module
 0001:000304d5       __unwindfunclet$?loadMap@TerrainBuilder@MMAP@@AAE_NIIIAAUMeshData@2@W4Spot@2@@Z$3 004314d5 f    CIL library: CIL module
 0001:000304e0       __ehhandler$?loadMap@TerrainBuilder@MMAP@@AAE_NIIIAAUMeshData@2@W4Spot@2@@Z 004314e0 f    CIL library: CIL module
 0001:00030510       __unwindfunclet$?generateObjFile@MapBuilder@MMAP@@AAEXIIIUMeshData@2@@Z$0 00431510 f    CIL library: CIL module
 0001:0003051a       __unwindfunclet$?generateObjFile@MapBuilder@MMAP@@AAEXIIIUMeshData@2@@Z$2 0043151a f    CIL library: CIL module
 0001:00030527       __unwindfunclet$?generateObjFile@MapBuilder@MMAP@@AAEXIIIUMeshData@2@@Z$3 00431527 f    CIL library: CIL module
 0001:00030534       __unwindfunclet$?generateObjFile@MapBuilder@MMAP@@AAEXIIIUMeshData@2@@Z$5 00431534 f    CIL library: CIL module
 0001:00030542       __ehhandler$?generateObjFile@MapBuilder@MMAP@@AAEXIIIUMeshData@2@@Z 00431542 f    CIL library: CIL module
 0001:00030570       __unwindfunclet$?rcBuildPolyMesh@@YA_NPAVrcContext@@AAUrcContourSet@@HAAUrcPolyMesh@@@Z$0 00431570 f    CIL library: CIL module
 0001:00030578       __unwindfunclet$?rcBuildPolyMesh@@YA_NPAVrcContext@@AAUrcContourSet@@HAAUrcPolyMesh@@@Z$1 00431578 f    CIL library: CIL module
 0001:00030580       __unwindfunclet$?rcBuildPolyMesh@@YA_NPAVrcContext@@AAUrcContourSet@@HAAUrcPolyMesh@@@Z$2 00431580 f    CIL library: CIL module
 0001:00030588       __unwindfunclet$?rcBuildPolyMesh@@YA_NPAVrcContext@@AAUrcContourSet@@HAAUrcPolyMesh@@@Z$3 00431588 f    CIL library: CIL module
 0001:00030590       __unwindfunclet$?rcBuildPolyMesh@@YA_NPAVrcContext@@AAUrcContourSet@@HAAUrcPolyMesh@@@Z$4 00431590 f    CIL library: CIL module
 0001:00030598       __unwindfunclet$?rcBuildPolyMesh@@YA_NPAVrcContext@@AAUrcContourSet@@HAAUrcPolyMesh@@@Z$5 00431598 f    CIL library: CIL module
 0001:000305a0       __ehhandler$?rcBuildPolyMesh@@YA_NPAVrcContext@@AAUrcContourSet@@HAAUrcPolyMesh@@@Z 004315a0 f    CIL library: CIL module
 0001:000305c0       __unwindfunclet$?buildMoveMapTile@MapBuilder@MMAP@@AAEXIIIUMeshData@2@QAM1PAVdtNavMesh@@@Z$0 004315c0 f    CIL library: CIL module
 0001:000305ca       __unwindfunclet$?buildMoveMapTile@MapBuilder@MMAP@@AAEXIIIUMeshData@2@QAM1PAVdtNavMesh@@@Z$1 004315ca f    CIL library: CIL module
 0001:000305d5       __unwindfunclet$?buildMoveMapTile@MapBuilder@MMAP@@AAEXIIIUMeshData@2@QAM1PAVdtNavMesh@@@Z$2 004315d5 f    CIL library: CIL module
 0001:000305e4       __ehhandler$?buildMoveMapTile@MapBuilder@MMAP@@AAEXIIIUMeshData@2@QAM1PAVdtNavMesh@@@Z 004315e4 f    CIL library: CIL module
 0001:00030610       __unwindfunclet$?buildTile@MapBuilder@MMAP@@QAEXIII@Z$6 00431610 f    CIL library: CIL module
 0001:0003061d       __unwindfunclet$?buildTile@MapBuilder@MMAP@@QAEXIII@Z$7 0043161d f    CIL library: CIL module
 0001:0003062a       __unwindfunclet$?buildTile@MapBuilder@MMAP@@QAEXIII@Z$8 0043162a f    CIL library: CIL module
 0001:00030637       __unwindfunclet$?buildTile@MapBuilder@MMAP@@QAEXIII@Z$9 00431637 f    CIL library: CIL module
 0001:00030644       __unwindfunclet$?buildTile@MapBuilder@MMAP@@QAEXIII@Z$0 00431644 f    CIL library: CIL module
 0001:00030651       __unwindfunclet$?buildTile@MapBuilder@MMAP@@QAEXIII@Z$1 00431651 f    CIL library: CIL module
 0001:0003065b       __unwindfunclet$?buildTile@MapBuilder@MMAP@@QAEXIII@Z$2 0043165b f    CIL library: CIL module
 0001:00030665       __unwindfunclet$?buildTile@MapBuilder@MMAP@@QAEXIII@Z$11 00431665 f    CIL library: CIL module
 0001:00030672       __unwindfunclet$?buildTile@MapBuilder@MMAP@@QAEXIII@Z$12 00431672 f    CIL library: CIL module
 0001:0003067f       __unwindfunclet$?buildTile@MapBuilder@MMAP@@QAEXIII@Z$13 0043167f f    CIL library: CIL module
 0001:0003068c       __unwindfunclet$?buildTile@MapBuilder@MMAP@@QAEXIII@Z$14 0043168c f    CIL library: CIL module
 0001:00030699       __unwindfunclet$?buildTile@MapBuilder@MMAP@@QAEXIII@Z$3 00431699 f    CIL library: CIL module
 0001:000306a6       __unwindfunclet$?buildTile@MapBuilder@MMAP@@QAEXIII@Z$16 004316a6 f    CIL library: CIL module
 0001:000306b1       __ehhandler$?buildTile@MapBuilder@MMAP@@QAEXIII@Z 004316b1 f    CIL library: CIL module
 0001:000306e0       __unwindfunclet$?build@MapBuilder@MMAP@@QAEXI@Z$6 004316e0 f    CIL library: CIL module
 0001:000306ed       __unwindfunclet$?build@MapBuilder@MMAP@@QAEXI@Z$7 004316ed f    CIL library: CIL module
 0001:000306fa       __unwindfunclet$?build@MapBuilder@MMAP@@QAEXI@Z$8 004316fa f    CIL library: CIL module
 0001:00030707       __unwindfunclet$?build@MapBuilder@MMAP@@QAEXI@Z$9 00431707 f    CIL library: CIL module
 0001:00030714       __unwindfunclet$?build@MapBuilder@MMAP@@QAEXI@Z$0 00431714 f    CIL library: CIL module
 0001:00030721       __unwindfunclet$?build@MapBuilder@MMAP@@QAEXI@Z$1 00431721 f    CIL library: CIL module
 0001:0003072b       __unwindfunclet$?build@MapBuilder@MMAP@@QAEXI@Z$2 0043172b f    CIL library: CIL module
 0001:00030735       __unwindfunclet$?build@MapBuilder@MMAP@@QAEXI@Z$11 00431735 f    CIL library: CIL module
 0001:00030742       __unwindfunclet$?build@MapBuilder@MMAP@@QAEXI@Z$12 00431742 f    CIL library: CIL module
 0001:0003074f       __unwindfunclet$?build@MapBuilder@MMAP@@QAEXI@Z$13 0043174f f    CIL library: CIL module
 0001:0003075c       __unwindfunclet$?build@MapBuilder@MMAP@@QAEXI@Z$14 0043175c f    CIL library: CIL module
 0001:00030769       __unwindfunclet$?build@MapBuilder@MMAP@@QAEXI@Z$3 00431769 f    CIL library: CIL module
 0001:00030776       __unwindfunclet$?build@MapBuilder@MMAP@@QAEXI@Z$16 00431776 f    CIL library: CIL module
 0001:00030781       __unwindfunclet$?build@MapBuilder@MMAP@@QAEXI@Z$17 00431781 f    CIL library: CIL module
 0001:00030789       __unwindfunclet$?build@MapBuilder@MMAP@@QAEXI@Z$18 00431789 f    CIL library: CIL module
 0001:00030791       __ehhandler$?build@MapBuilder@MMAP@@QAEXI@Z 00431791 f    CIL library: CIL module
 0001:000307c0       __unwindfunclet$_main$0    004317c0 f    CIL library: CIL module
 0001:000307ca       __ehhandler$_main          004317ca f    CIL library: CIL module
 0001:000307f0       ??__E?ignoreArray@CollisionDetection@G3D@@0V?$Array@VVector3@G3D@@$09$0CA@@2@A@@YAXXZ 004317f0 f   g3dlite:CollisionDetection.obj
 0001:00030810       ??__EcurrentFilesUsed@_internal@G3D@@YAXXZ 00431810 f   g3dlite:fileutils.obj
 0001:00030830       ??__Fm@?1??create@MemoryManager@G3D@@SA?AV?$ReferenceCountedPointer@VMemoryManager@G3D@@@2@XZ@YAXXZ 00431830 f   g3dlite:MemoryManager.obj
 0001:00030870       ??__Fthesystem@?1??instance@System@G3D@@CAAAV12@XZ@YAXXZ 00431870 f   g3dlite:System.obj
 0001:00030880       ??__F?ignoreArray@CollisionDetection@G3D@@0V?$Array@VVector3@G3D@@$09$0CA@@2@A@@YAXXZ 00431880 f   g3dlite:CollisionDetection.obj
 0001:00030920       ??__FcurrentFilesUsed@_internal@G3D@@YAXXZ 00431920 f   g3dlite:fileutils.obj
